<html>
<body>
<pre>
<h1>µVision Build Log</h1>
<h2>Tool Versions:</h2>
IDE-Version: µVision V5.38.0.0
Copyright (C) 2022 ARM Ltd and ARM Germany GmbH. All rights reserved.
License Information: Mohamed Obaid, QUANTTRONIX, LIC=----
 
Tool Versions:
Toolchain:       MDK-Lite  Version: 5.38.0.0
Toolchain Path:  C:\Keil_v5\ARM\ARMCLANG\Bin
C Compiler:      ArmClang.exe V6.19
Assembler:       Armasm.exe V6.19
Linker/Locator:  ArmLink.exe V6.19
Library Manager: ArmAr.exe V6.19
Hex Converter:   FromElf.exe V6.19
CPU DLL:         SARMCM3.DLL V5.38.0.0
Dialog DLL:      DCM.DLL V1.17.5.0
Target DLL:      UL2CM3.DLL V1.164.8.0
Dialog DLL:      TCM.DLL V1.56.4.0
 
<h2>Project:</h2>
G:\FWD\ARM\17 Project\Submit\FWD_ES_Pro\00_LED_Control.uvprojx
Project File Date:  12/19/2022

<h2>Output:</h2>
*** Using Compiler 'V6.19', folder: 'C:\Keil_v5\ARM\ARMCLANG\Bin'
Build target 'Target 1'
compiling LED_program.c...
LED Control/App/LED_Control/main.c(16): warning: In file included from...
./LED Control/MCAL\SYS_interface.h(37): warning: no newline at end of file [-Wnewline-eof]
#endif
      ^
LED Control/App/LED_Control/main.c(17): warning: In file included from...
./LED Control/HAL/Button\BUTTON_interface.h(24): warning: no newline at end of file [-Wnewline-eof]
#endif
      ^
LED Control/App/LED_Control/main.c(18): warning: missing terminating '"' character [-Winvalid-pp-token]
#include "NVIC_interface.h""
                           ^
LED Control/App/LED_Control/main.c(18): warning: extra tokens at end of #include directive [-Wextra-tokens]
LED Control/App/LED_Control/main.c(18): warning: In file included from...
./LED Control/MCAL\NVIC_interface.h(5): warning: non-portable path to file '"STD_TYPES.h"'; specified path differs in case from file name on disk [-Wnonportable-include-path]
#include "STD_Types.h"
         ^~~~~~~~~~~~~
         "STD_TYPES.h"
./LED Control/MCAL\NVIC_interface.h(56): warning: no newline at end of file [-Wnewline-eof]
#endif
      ^
LED Control/App/LED_Control/main.c(45): warning: implicit declaration of function '__enable_irq' [-Wimplicit-function-declaration]
        __enable_irq();
        ^
LED Control/App/LED_Control/main.c(33): warning: mixing declarations and code is a C99 extension [-Wdeclaration-after-statement]
        uint8_t flag = 0;
                ^
8 warnings generated.
compiling main.c...
LED Control/MCAL/GPIO_program.c(13): warning: In file included from...
./LED Control/MCAL/GPIO_private.h(4): warning: // comments are not allowed in this language [-Wcomment]
//GPIOF Registers (GPIOF is chosen for simulation btn and LEDs)
^
LED Control/MCAL/GPIO_program.c(438): warning: a function declaration without a prototype is deprecated in all versions of C [-Wstrict-prototypes]
void GPIOF_Handler()
                  ^
                   void
LED Control/MCAL/GPIO_program.c(438): warning: no previous prototype for function 'GPIOF_Handler' [-Wmissing-prototypes]
void GPIOF_Handler()
     ^
LED Control/MCAL/GPIO_program.c(438): note: declare 'static' if the function is not intended to be used outside of this translation unit
void GPIOF_Handler()
^
static 
3 warnings generated.
compiling GPIO_program.c...
LED Control/HAL/Button/BUTTON_program.c(9): warning: In file included from...
./LED Control/HAL/Button/BUTTON_interface.h(24): warning: no newline at end of file [-Wnewline-eof]
#endif
      ^
LED Control/HAL/Button/BUTTON_program.c(10): warning: In file included from...
./LED Control/MCAL\NVIC_interface.h(5): warning: non-portable path to file '"STD_TYPES.h"'; specified path differs in case from file name on disk [-Wnonportable-include-path]
#include "STD_Types.h"
         ^~~~~~~~~~~~~
         "STD_TYPES.h"
./LED Control/MCAL\NVIC_interface.h(56): warning: no newline at end of file [-Wnewline-eof]
#endif
      ^
LED Control/HAL/Button/BUTTON_program.c(16): warning: variable declaration in for loop is a C99-specific feature [-Wc99-extensions]
        for (int i = 0; i < milli; i++)
             ^
LED Control/HAL/Button/BUTTON_program.c(16): warning: GCC does not allow variable declarations in for loop initializers before C99 [-Wgcc-compat]
LED Control/HAL/Button/BUTTON_program.c(18): warning: variable declaration in for loop is a C99-specific feature [-Wc99-extensions]
                for (int j = 0; j < 3118; j++)
                     ^
LED Control/HAL/Button/BUTTON_program.c(18): warning: GCC does not allow variable declarations in for loop initializers before C99 [-Wgcc-compat]
7 warnings generated.
compiling BUTTON_program.c...
linking...
Program Size: Code=2992 RO-data=636 RW-data=0 ZI-data=616  
FromELF: creating hex file...
".\Objects\00_LED_Control.axf" - 0 Error(s), 18 Warning(s).

<h2>Software Packages used:</h2>

Package Vendor: ARM
                http://www.keil.com/pack/ARM.CMSIS.5.9.0.pack
                ARM.CMSIS.5.9.0
                CMSIS (Common Microcontroller Software Interface Standard)
   * Component: CORE Version: 5.6.0

Package Vendor: Keil
                http://www.keil.com/pack/Keil.TM4C_DFP.1.1.0.pack
                Keil.TM4C_DFP.1.1.0
                Texas Instruments Tiva C Series Device Support and Examples
   * Component: Startup Version: 1.0.1

<h2>Collection of Component include folders:</h2>
  ./RTE/_Target_1
  C:/Users/Lenovo/AppData/Local/Arm/Packs/ARM/CMSIS/5.9.0/CMSIS/Core/Include
  C:/Users/Lenovo/AppData/Local/Arm/Packs/Keil/TM4C_DFP/1.1.0/Device/Include/TM4C123

<h2>Collection of Component Files used:</h2>

   * Component: ARM::CMSIS:CORE:5.6.0

   * Component: Keil::Device:Startup:1.0.1
      Source file:   Device/Source/ARM/startup_TM4C123.s
      Include file:  Device/Include/TM4C123/TM4C123.h
      Source file:   Device/Source/system_TM4C123.c
Build Time Elapsed:  00:00:01
</pre>
</body>
</html>
