Component: Arm Compiler for Embedded 6.19 Tool: armlink [5e73cb00]

==============================================================================

Section Cross References

    main.o(.text.main) refers to sys_program.o(.text.SYSCTRL_GPIO_CLK_EN) for SYSCTRL_GPIO_CLK_EN
    main.o(.text.main) refers to led_program.o(.text.LED_Init) for LED_Init
    main.o(.text.main) refers to systick_program.o(.text.SYSTICK_Init) for SYSTICK_Init
    main.o(.text.main) refers to button_program.o(.text.SW1_Init) for SW1_Init
    main.o(.text.main) refers to button_program.o(.text.SW2_Init) for SW2_Init
    main.o(.text.main) refers to nvic_program.o(.text.NVIC_vidSetInterrupt) for NVIC_vidSetInterrupt
    main.o(.text.main) refers to systick_program.o(.text.SYSTICK_GetCurrentValue) for SYSTICK_GetCurrentValue
    main.o(.text.main) refers to led_program.o(.text.LED_TurnON) for LED_TurnON
    main.o(.text.main) refers to led_program.o(.text.LED_TurnOFF) for LED_TurnOFF
    main.o(.ARM.exidx.text.main) refers to main.o(.text.main) for [Anonymous Symbol]
    led_program.o(.text.LED_Init) refers to gpio_program.o(.text.GPIOF_CLK_EN) for GPIOF_CLK_EN
    led_program.o(.text.LED_Init) refers to gpio_program.o(.text.GPIO_SetPinDirection) for GPIO_SetPinDirection
    led_program.o(.text.LED_Init) refers to gpio_program.o(.text.GPIO_SetPinDigitalEnable) for GPIO_SetPinDigitalEnable
    led_program.o(.ARM.exidx.text.LED_Init) refers to led_program.o(.text.LED_Init) for [Anonymous Symbol]
    led_program.o(.text.LED_TurnON) refers to gpio_program.o(.text.GPIO_SetPinValue) for GPIO_SetPinValue
    led_program.o(.ARM.exidx.text.LED_TurnON) refers to led_program.o(.text.LED_TurnON) for [Anonymous Symbol]
    led_program.o(.text.LED_TurnOFF) refers to gpio_program.o(.text.GPIO_SetPinValue) for GPIO_SetPinValue
    led_program.o(.ARM.exidx.text.LED_TurnOFF) refers to led_program.o(.text.LED_TurnOFF) for [Anonymous Symbol]
    systick_program.o(.ARM.exidx.text.SYSTICK_INT_EN) refers to systick_program.o(.text.SYSTICK_INT_EN) for [Anonymous Symbol]
    systick_program.o(.ARM.exidx.text.SYSTICK_INT_DIS) refers to systick_program.o(.text.SYSTICK_INT_DIS) for [Anonymous Symbol]
    systick_program.o(.text.SYSTICK_Init) refers to systick_program.o(.text.SYSTICK_CLK_EN) for SYSTICK_CLK_EN
    systick_program.o(.text.SYSTICK_Init) refers to systick_program.o(.text.SYSTICK_INT_DIS) for SYSTICK_INT_DIS
    systick_program.o(.text.SYSTICK_Init) refers to systick_program.o(.text.SYSTICK_Reload) for SYSTICK_Reload
    systick_program.o(.text.SYSTICK_Init) refers to systick_program.o(.text.SYSTICK_Start) for SYSTICK_Start
    systick_program.o(.ARM.exidx.text.SYSTICK_Init) refers to systick_program.o(.text.SYSTICK_Init) for [Anonymous Symbol]
    systick_program.o(.ARM.exidx.text.SYSTICK_CLK_EN) refers to systick_program.o(.text.SYSTICK_CLK_EN) for [Anonymous Symbol]
    systick_program.o(.ARM.exidx.text.SYSTICK_Reload) refers to systick_program.o(.text.SYSTICK_Reload) for [Anonymous Symbol]
    systick_program.o(.ARM.exidx.text.SYSTICK_Start) refers to systick_program.o(.text.SYSTICK_Start) for [Anonymous Symbol]
    systick_program.o(.ARM.exidx.text.SYSTICK_DeInit) refers to systick_program.o(.text.SYSTICK_DeInit) for [Anonymous Symbol]
    systick_program.o(.ARM.exidx.text.SYSTICK_Stop) refers to systick_program.o(.text.SYSTICK_Stop) for [Anonymous Symbol]
    systick_program.o(.ARM.exidx.text.SYSTICK_GetCurrentValue) refers to systick_program.o(.text.SYSTICK_GetCurrentValue) for [Anonymous Symbol]
    systick_program.o(.text.SYSTICK_SETCallBack) refers to systick_program.o(.bss.CallBack) for CallBack
    systick_program.o(.ARM.exidx.text.SYSTICK_SETCallBack) refers to systick_program.o(.text.SYSTICK_SETCallBack) for [Anonymous Symbol]
    systick_program.o(.text.SysTick_Handler) refers to systick_program.o(.bss.CallBack) for CallBack
    systick_program.o(.ARM.exidx.text.SysTick_Handler) refers to systick_program.o(.text.SysTick_Handler) for [Anonymous Symbol]
    gpio_program.o(.ARM.exidx.text.GPIOF_CLK_EN) refers to gpio_program.o(.text.GPIOF_CLK_EN) for [Anonymous Symbol]
    gpio_program.o(.ARM.exidx.text.GPIO_SetPinDigitalEnable) refers to gpio_program.o(.text.GPIO_SetPinDigitalEnable) for [Anonymous Symbol]
    gpio_program.o(.ARM.exidx.text.GPIO_SetPinDirection) refers to gpio_program.o(.text.GPIO_SetPinDirection) for [Anonymous Symbol]
    gpio_program.o(.ARM.exidx.text.GPIO_SetPinValue) refers to gpio_program.o(.text.GPIO_SetPinValue) for [Anonymous Symbol]
    gpio_program.o(.ARM.exidx.text.GPIO_GetPinValue) refers to gpio_program.o(.text.GPIO_GetPinValue) for [Anonymous Symbol]
    gpio_program.o(.ARM.exidx.text.GPIO_Config_PUR) refers to gpio_program.o(.text.GPIO_Config_PUR) for [Anonymous Symbol]
    gpio_program.o(.ARM.exidx.text.GPIO_SelectInterruptSense) refers to gpio_program.o(.text.GPIO_SelectInterruptSense) for [Anonymous Symbol]
    gpio_program.o(.ARM.exidx.text.GPIO_EnableInterrupt) refers to gpio_program.o(.text.GPIO_EnableInterrupt) for [Anonymous Symbol]
    gpio_program.o(.ARM.exidx.text.GPIO_SelectInterruptEvent) refers to gpio_program.o(.text.GPIO_SelectInterruptEvent) for [Anonymous Symbol]
    gpio_program.o(.ARM.exidx.text.GPIO_InterruptEdges) refers to gpio_program.o(.text.GPIO_InterruptEdges) for [Anonymous Symbol]
    gpio_program.o(.ARM.exidx.text.GPIO_ClearInterrupt) refers to gpio_program.o(.text.GPIO_ClearInterrupt) for [Anonymous Symbol]
    gpio_program.o(.ARM.exidx.text.GPIO_u8GetInterruptStatus) refers to gpio_program.o(.text.GPIO_u8GetInterruptStatus) for [Anonymous Symbol]
    gpio_program.o(.ARM.exidx.text.GPIO_Unlock) refers to gpio_program.o(.text.GPIO_Unlock) for [Anonymous Symbol]
    gpio_program.o(.ARM.exidx.text.GPIO_Lock) refers to gpio_program.o(.text.GPIO_Lock) for [Anonymous Symbol]
    gpio_program.o(.ARM.exidx.text.GPIO_Commit) refers to gpio_program.o(.text.GPIO_Commit) for [Anonymous Symbol]
    gpio_program.o(.text.GPIO_SetCallBack) refers to gpio_program.o(.bss.GPIOF_CallBack) for GPIOF_CallBack
    gpio_program.o(.ARM.exidx.text.GPIO_SetCallBack) refers to gpio_program.o(.text.GPIO_SetCallBack) for [Anonymous Symbol]
    gpio_program.o(.text.GPIOF_Handler) refers to gpio_program.o(.bss.GPIOF_CallBack) for GPIOF_CallBack
    gpio_program.o(.ARM.exidx.text.GPIOF_Handler) refers to gpio_program.o(.text.GPIOF_Handler) for [Anonymous Symbol]
    button_program.o(.ARM.exidx.text.delay_ms) refers to button_program.o(.text.delay_ms) for [Anonymous Symbol]
    button_program.o(.text.SW1_Init) refers to gpio_program.o(.text.GPIO_Unlock) for GPIO_Unlock
    button_program.o(.text.SW1_Init) refers to gpio_program.o(.text.GPIO_Commit) for GPIO_Commit
    button_program.o(.text.SW1_Init) refers to gpio_program.o(.text.GPIO_Lock) for GPIO_Lock
    button_program.o(.text.SW1_Init) refers to gpio_program.o(.text.GPIO_SetPinDirection) for GPIO_SetPinDirection
    button_program.o(.text.SW1_Init) refers to gpio_program.o(.text.GPIO_SetPinDigitalEnable) for GPIO_SetPinDigitalEnable
    button_program.o(.text.SW1_Init) refers to gpio_program.o(.text.GPIO_Config_PUR) for GPIO_Config_PUR
    button_program.o(.text.SW1_Init) refers to gpio_program.o(.text.GPIO_SelectInterruptSense) for GPIO_SelectInterruptSense
    button_program.o(.text.SW1_Init) refers to gpio_program.o(.text.GPIO_InterruptEdges) for GPIO_InterruptEdges
    button_program.o(.text.SW1_Init) refers to gpio_program.o(.text.GPIO_SelectInterruptEvent) for GPIO_SelectInterruptEvent
    button_program.o(.text.SW1_Init) refers to gpio_program.o(.text.GPIO_ClearInterrupt) for GPIO_ClearInterrupt
    button_program.o(.text.SW1_Init) refers to gpio_program.o(.text.GPIO_EnableInterrupt) for GPIO_EnableInterrupt
    button_program.o(.text.SW1_Init) refers to button_program.o(.text.vidProcessButtons) for vidProcessButtons
    button_program.o(.text.SW1_Init) refers to gpio_program.o(.text.GPIO_SetCallBack) for GPIO_SetCallBack
    button_program.o(.ARM.exidx.text.SW1_Init) refers to button_program.o(.text.SW1_Init) for [Anonymous Symbol]
    button_program.o(.text.vidProcessButtons) refers to gpio_program.o(.text.GPIO_u8GetInterruptStatus) for GPIO_u8GetInterruptStatus
    button_program.o(.text.vidProcessButtons) refers to gpio_program.o(.text.GPIO_ClearInterrupt) for GPIO_ClearInterrupt
    button_program.o(.ARM.exidx.text.vidProcessButtons) refers to button_program.o(.text.vidProcessButtons) for [Anonymous Symbol]
    button_program.o(.text.SW2_Init) refers to gpio_program.o(.text.GPIO_Unlock) for GPIO_Unlock
    button_program.o(.text.SW2_Init) refers to gpio_program.o(.text.GPIO_Commit) for GPIO_Commit
    button_program.o(.text.SW2_Init) refers to gpio_program.o(.text.GPIO_Lock) for GPIO_Lock
    button_program.o(.text.SW2_Init) refers to gpio_program.o(.text.GPIO_SetPinDirection) for GPIO_SetPinDirection
    button_program.o(.text.SW2_Init) refers to gpio_program.o(.text.GPIO_SetPinDigitalEnable) for GPIO_SetPinDigitalEnable
    button_program.o(.text.SW2_Init) refers to gpio_program.o(.text.GPIO_Config_PUR) for GPIO_Config_PUR
    button_program.o(.text.SW2_Init) refers to gpio_program.o(.text.GPIO_SelectInterruptSense) for GPIO_SelectInterruptSense
    button_program.o(.text.SW2_Init) refers to gpio_program.o(.text.GPIO_InterruptEdges) for GPIO_InterruptEdges
    button_program.o(.text.SW2_Init) refers to gpio_program.o(.text.GPIO_SelectInterruptEvent) for GPIO_SelectInterruptEvent
    button_program.o(.text.SW2_Init) refers to gpio_program.o(.text.GPIO_ClearInterrupt) for GPIO_ClearInterrupt
    button_program.o(.text.SW2_Init) refers to gpio_program.o(.text.GPIO_EnableInterrupt) for GPIO_EnableInterrupt
    button_program.o(.ARM.exidx.text.SW2_Init) refers to button_program.o(.text.SW2_Init) for [Anonymous Symbol]
    sys_program.o(.ARM.exidx.text.SYSCTRL_GPIO_CLK_EN) refers to sys_program.o(.text.SYSCTRL_GPIO_CLK_EN) for [Anonymous Symbol]
    nvic_program.o(.ARM.exidx.text.NVIC_vidSetInterrupt) refers to nvic_program.o(.text.NVIC_vidSetInterrupt) for [Anonymous Symbol]
    nvic_program.o(.ARM.exidx.text.NVIC_vidClearInterrupt) refers to nvic_program.o(.text.NVIC_vidClearInterrupt) for [Anonymous Symbol]
    nvic_program.o(.ARM.exidx.text.NVIC_vidSetPending) refers to nvic_program.o(.text.NVIC_vidSetPending) for [Anonymous Symbol]
    nvic_program.o(.ARM.exidx.text.NVIC_vidClearPending) refers to nvic_program.o(.text.NVIC_vidClearPending) for [Anonymous Symbol]
    nvic_program.o(.ARM.exidx.text.NVIC_vidSetPriority) refers to nvic_program.o(.text.NVIC_vidSetPriority) for [Anonymous Symbol]
    startup_tm4c123.o(STACK) refers (Special) to heapauxi.o(.text) for __use_two_region_memory
    startup_tm4c123.o(HEAP) refers (Special) to heapauxi.o(.text) for __use_two_region_memory
    startup_tm4c123.o(RESET) refers (Special) to heapauxi.o(.text) for __use_two_region_memory
    startup_tm4c123.o(RESET) refers to startup_tm4c123.o(STACK) for __initial_sp
    startup_tm4c123.o(RESET) refers to startup_tm4c123.o(.text) for Reset_Handler
    startup_tm4c123.o(RESET) refers to systick_program.o(.text.SysTick_Handler) for SysTick_Handler
    startup_tm4c123.o(RESET) refers to gpio_program.o(.text.GPIOF_Handler) for GPIOF_Handler
    startup_tm4c123.o(.text) refers (Special) to heapauxi.o(.text) for __use_two_region_memory
    startup_tm4c123.o(.text) refers to system_tm4c123.o(.text.SystemInit) for SystemInit
    startup_tm4c123.o(.text) refers to __main.o(!!!main) for __main
    startup_tm4c123.o(.text) refers to startup_tm4c123.o(HEAP) for Heap_Mem
    startup_tm4c123.o(.text) refers to startup_tm4c123.o(STACK) for Stack_Mem
    system_tm4c123.o(.text.SystemCoreClockUpdate) refers to system_tm4c123.o(.text.getOscClk) for getOscClk
    system_tm4c123.o(.text.SystemCoreClockUpdate) refers to system_tm4c123.o(.data.SystemCoreClock) for SystemCoreClock
    system_tm4c123.o(.ARM.exidx.text.SystemCoreClockUpdate) refers to system_tm4c123.o(.text.SystemCoreClockUpdate) for [Anonymous Symbol]
    system_tm4c123.o(.ARM.exidx.text.getOscClk) refers to system_tm4c123.o(.text.getOscClk) for [Anonymous Symbol]
    system_tm4c123.o(.ARM.exidx.text.SystemInit) refers to system_tm4c123.o(.text.SystemInit) for [Anonymous Symbol]
    __main.o(!!!main) refers to __rtentry.o(.ARM.Collect$$rtentry$$00000000) for __rt_entry
    __rtentry.o(.ARM.Collect$$rtentry$$00000000) refers (Special) to __rtentry2.o(.ARM.Collect$$rtentry$$0000000A) for __rt_entry_li
    __rtentry.o(.ARM.Collect$$rtentry$$00000000) refers (Special) to __rtentry2.o(.ARM.Collect$$rtentry$$0000000D) for __rt_entry_main
    __rtentry.o(.ARM.Collect$$rtentry$$00000000) refers (Special) to __rtentry2.o(.ARM.Collect$$rtentry$$0000000C) for __rt_entry_postli_1
    __rtentry.o(.ARM.Collect$$rtentry$$00000000) refers (Special) to __rtentry2.o(.ARM.Collect$$rtentry$$00000009) for __rt_entry_postsh_1
    __rtentry.o(.ARM.Collect$$rtentry$$00000000) refers (Special) to __rtentry2.o(.ARM.Collect$$rtentry$$00000002) for __rt_entry_presh_1
    __rtentry.o(.ARM.Collect$$rtentry$$00000000) refers (Special) to __rtentry4.o(.ARM.Collect$$rtentry$$00000004) for __rt_entry_sh
    __rtentry2.o(.ARM.Collect$$rtentry$$00000008) refers to boardinit2.o(.text) for _platform_post_stackheap_init
    __rtentry2.o(.ARM.Collect$$rtentry$$0000000A) refers to libinit.o(.ARM.Collect$$libinit$$00000000) for __rt_lib_init
    __rtentry2.o(.ARM.Collect$$rtentry$$0000000B) refers to boardinit3.o(.text) for _platform_post_lib_init
    __rtentry2.o(.ARM.Collect$$rtentry$$0000000D) refers to main.o(.text.main) for main
    __rtentry2.o(.ARM.Collect$$rtentry$$0000000D) refers to exit.o(.text) for exit
    __rtentry2.o(.ARM.exidx) refers to __rtentry2.o(.ARM.Collect$$rtentry$$00000001) for .ARM.Collect$$rtentry$$00000001
    __rtentry2.o(.ARM.exidx) refers to __rtentry2.o(.ARM.Collect$$rtentry$$00000008) for .ARM.Collect$$rtentry$$00000008
    __rtentry2.o(.ARM.exidx) refers to __rtentry2.o(.ARM.Collect$$rtentry$$0000000A) for .ARM.Collect$$rtentry$$0000000A
    __rtentry2.o(.ARM.exidx) refers to __rtentry2.o(.ARM.Collect$$rtentry$$0000000B) for .ARM.Collect$$rtentry$$0000000B
    __rtentry2.o(.ARM.exidx) refers to __rtentry2.o(.ARM.Collect$$rtentry$$0000000D) for .ARM.Collect$$rtentry$$0000000D
    __rtentry4.o(.ARM.Collect$$rtentry$$00000004) refers to sys_stackheap_outer.o(.text) for __user_setup_stackheap
    __rtentry4.o(.ARM.exidx) refers to __rtentry4.o(.ARM.Collect$$rtentry$$00000004) for .ARM.Collect$$rtentry$$00000004
    sys_stackheap_outer.o(.text) refers to libspace.o(.text) for __user_perproc_libspace
    sys_stackheap_outer.o(.text) refers to startup_tm4c123.o(.text) for __user_initial_stackheap
    exit.o(.text) refers to rtexit.o(.ARM.Collect$$rtexit$$00000000) for __rt_exit
    libinit.o(.ARM.Collect$$libinit$$00000000) refers (Special) to libinit2.o(.ARM.Collect$$libinit$$00000030) for __rt_lib_init_alloca_1
    libinit.o(.ARM.Collect$$libinit$$00000000) refers (Special) to libinit2.o(.ARM.Collect$$libinit$$0000002E) for __rt_lib_init_argv_1
    libinit.o(.ARM.Collect$$libinit$$00000000) refers (Special) to libinit2.o(.ARM.Collect$$libinit$$0000001D) for __rt_lib_init_atexit_1
    libinit.o(.ARM.Collect$$libinit$$00000000) refers (Special) to libinit2.o(.ARM.Collect$$libinit$$00000023) for __rt_lib_init_clock_1
    libinit.o(.ARM.Collect$$libinit$$00000000) refers (Special) to libinit2.o(.ARM.Collect$$libinit$$00000034) for __rt_lib_init_cpp_1
    libinit.o(.ARM.Collect$$libinit$$00000000) refers (Special) to libinit2.o(.ARM.Collect$$libinit$$00000032) for __rt_lib_init_exceptions_1
    libinit.o(.ARM.Collect$$libinit$$00000000) refers (Special) to libinit2.o(.ARM.Collect$$libinit$$00000001) for __rt_lib_init_fp_1
    libinit.o(.ARM.Collect$$libinit$$00000000) refers (Special) to libinit2.o(.ARM.Collect$$libinit$$00000021) for __rt_lib_init_fp_trap_1
    libinit.o(.ARM.Collect$$libinit$$00000000) refers (Special) to libinit2.o(.ARM.Collect$$libinit$$00000025) for __rt_lib_init_getenv_1
    libinit.o(.ARM.Collect$$libinit$$00000000) refers (Special) to libinit2.o(.ARM.Collect$$libinit$$0000000C) for __rt_lib_init_heap_1
    libinit.o(.ARM.Collect$$libinit$$00000000) refers (Special) to libinit2.o(.ARM.Collect$$libinit$$00000013) for __rt_lib_init_lc_collate_1
    libinit.o(.ARM.Collect$$libinit$$00000000) refers (Special) to libinit2.o(.ARM.Collect$$libinit$$00000015) for __rt_lib_init_lc_ctype_1
    libinit.o(.ARM.Collect$$libinit$$00000000) refers (Special) to libinit2.o(.ARM.Collect$$libinit$$00000017) for __rt_lib_init_lc_monetary_1
    libinit.o(.ARM.Collect$$libinit$$00000000) refers (Special) to libinit2.o(.ARM.Collect$$libinit$$00000019) for __rt_lib_init_lc_numeric_1
    libinit.o(.ARM.Collect$$libinit$$00000000) refers (Special) to libinit2.o(.ARM.Collect$$libinit$$0000001B) for __rt_lib_init_lc_time_1
    libinit.o(.ARM.Collect$$libinit$$00000000) refers (Special) to libinit2.o(.ARM.Collect$$libinit$$00000006) for __rt_lib_init_preinit_1
    libinit.o(.ARM.Collect$$libinit$$00000000) refers (Special) to libinit2.o(.ARM.Collect$$libinit$$00000010) for __rt_lib_init_rand_1
    libinit.o(.ARM.Collect$$libinit$$00000000) refers (Special) to libinit2.o(.ARM.Collect$$libinit$$00000004) for __rt_lib_init_relocate_pie_1
    libinit.o(.ARM.Collect$$libinit$$00000000) refers (Special) to libinit2.o(.ARM.Collect$$libinit$$00000035) for __rt_lib_init_return
    libinit.o(.ARM.Collect$$libinit$$00000000) refers (Special) to libinit2.o(.ARM.Collect$$libinit$$0000001F) for __rt_lib_init_signal_1
    libinit.o(.ARM.Collect$$libinit$$00000000) refers (Special) to libinit2.o(.ARM.Collect$$libinit$$00000027) for __rt_lib_init_stdio_1
    libinit.o(.ARM.Collect$$libinit$$00000000) refers (Special) to libinit2.o(.ARM.Collect$$libinit$$0000000E) for __rt_lib_init_user_alloc_1
    libspace.o(.text) refers to libspace.o(.bss) for __libspace_start
    rtexit.o(.ARM.Collect$$rtexit$$00000000) refers (Special) to rtexit2.o(.ARM.Collect$$rtexit$$00000004) for __rt_exit_exit
    rtexit.o(.ARM.Collect$$rtexit$$00000000) refers (Special) to rtexit2.o(.ARM.Collect$$rtexit$$00000003) for __rt_exit_ls
    rtexit.o(.ARM.Collect$$rtexit$$00000000) refers (Special) to rtexit2.o(.ARM.Collect$$rtexit$$00000002) for __rt_exit_prels_1
    rtexit.o(.ARM.exidx) refers (Special) to rtexit2.o(.ARM.Collect$$rtexit$$00000004) for __rt_exit_exit
    rtexit.o(.ARM.exidx) refers (Special) to rtexit2.o(.ARM.Collect$$rtexit$$00000003) for __rt_exit_ls
    rtexit.o(.ARM.exidx) refers (Special) to rtexit2.o(.ARM.Collect$$rtexit$$00000002) for __rt_exit_prels_1
    rtexit.o(.ARM.exidx) refers to rtexit.o(.ARM.Collect$$rtexit$$00000000) for .ARM.Collect$$rtexit$$00000000
    libinit2.o(.ARM.Collect$$libinit$$00000001) refers to fpinit.o(x$fpl$fpinit) for _fp_init
    libinit2.o(.ARM.Collect$$libinit$$00000012) refers to libinit2.o(.ARM.Collect$$libinit$$00000011) for .ARM.Collect$$libinit$$00000011
    libinit2.o(.ARM.Collect$$libinit$$00000014) refers to libinit2.o(.ARM.Collect$$libinit$$00000011) for .ARM.Collect$$libinit$$00000011
    libinit2.o(.ARM.Collect$$libinit$$00000016) refers to libinit2.o(.ARM.Collect$$libinit$$00000011) for .ARM.Collect$$libinit$$00000011
    libinit2.o(.ARM.Collect$$libinit$$00000018) refers to libinit2.o(.ARM.Collect$$libinit$$00000011) for .ARM.Collect$$libinit$$00000011
    libinit2.o(.ARM.Collect$$libinit$$0000001A) refers to libinit2.o(.ARM.Collect$$libinit$$00000011) for .ARM.Collect$$libinit$$00000011
    libinit2.o(.ARM.Collect$$libinit$$00000028) refers to argv_veneer.o(.emb_text) for __ARM_argv_veneer
    libinit2.o(.ARM.Collect$$libinit$$00000029) refers to argv_veneer.o(.emb_text) for __ARM_argv_veneer
    rtexit2.o(.ARM.Collect$$rtexit$$00000003) refers to libshutdown.o(.ARM.Collect$$libshutdown$$00000000) for __rt_lib_shutdown
    rtexit2.o(.ARM.Collect$$rtexit$$00000004) refers to sys_exit.o(.text) for _sys_exit
    rtexit2.o(.ARM.exidx) refers to rtexit2.o(.ARM.Collect$$rtexit$$00000001) for .ARM.Collect$$rtexit$$00000001
    rtexit2.o(.ARM.exidx) refers to rtexit2.o(.ARM.Collect$$rtexit$$00000003) for .ARM.Collect$$rtexit$$00000003
    rtexit2.o(.ARM.exidx) refers to rtexit2.o(.ARM.Collect$$rtexit$$00000004) for .ARM.Collect$$rtexit$$00000004
    argv_veneer.o(.emb_text) refers to no_argv.o(.text) for __ARM_get_argv
    sys_exit.o(.text) refers (Special) to use_no_semi.o(.text) for __I$use$semihosting
    sys_exit.o(.text) refers (Special) to indicate_semi.o(.text) for __semihosting_library_function
    sys_exit_hlt.o(.text) refers (Special) to use_no_semi.o(.text) for __I$use$semihosting
    sys_exit_hlt.o(.text) refers (Special) to indicate_semi.o(.text) for __semihosting_library_function
    _get_argv_nomalloc.o(.text) refers (Special) to hrguard.o(.text) for __heap_region$guard
    _get_argv_nomalloc.o(.text) refers to defsig_rtmem_outer.o(.text) for __rt_SIGRTMEM
    _get_argv_nomalloc.o(.text) refers to sys_command.o(.text) for _sys_command_string
    libshutdown.o(.ARM.Collect$$libshutdown$$00000000) refers (Special) to libshutdown2.o(.ARM.Collect$$libshutdown$$00000002) for __rt_lib_shutdown_cpp_1
    libshutdown.o(.ARM.Collect$$libshutdown$$00000000) refers (Special) to libshutdown2.o(.ARM.Collect$$libshutdown$$00000007) for __rt_lib_shutdown_fp_trap_1
    libshutdown.o(.ARM.Collect$$libshutdown$$00000000) refers (Special) to libshutdown2.o(.ARM.Collect$$libshutdown$$0000000F) for __rt_lib_shutdown_heap_1
    libshutdown.o(.ARM.Collect$$libshutdown$$00000000) refers (Special) to libshutdown2.o(.ARM.Collect$$libshutdown$$00000010) for __rt_lib_shutdown_return
    libshutdown.o(.ARM.Collect$$libshutdown$$00000000) refers (Special) to libshutdown2.o(.ARM.Collect$$libshutdown$$0000000A) for __rt_lib_shutdown_signal_1
    libshutdown.o(.ARM.Collect$$libshutdown$$00000000) refers (Special) to libshutdown2.o(.ARM.Collect$$libshutdown$$00000004) for __rt_lib_shutdown_stdio_1
    libshutdown.o(.ARM.Collect$$libshutdown$$00000000) refers (Special) to libshutdown2.o(.ARM.Collect$$libshutdown$$0000000C) for __rt_lib_shutdown_user_alloc_1
    sys_command.o(.text) refers (Special) to use_no_semi.o(.text) for __I$use$semihosting
    sys_command.o(.text) refers (Special) to indicate_semi.o(.text) for __semihosting_library_function
    sys_command_hlt.o(.text) refers (Special) to use_no_semi.o(.text) for __I$use$semihosting
    sys_command_hlt.o(.text) refers (Special) to indicate_semi.o(.text) for __semihosting_library_function
    defsig_rtmem_outer.o(.text) refers to defsig_rtmem_inner.o(.text) for __rt_SIGRTMEM_inner
    defsig_rtmem_outer.o(.text) refers to defsig_exit.o(.text) for __sig_exit
    defsig_rtmem_formal.o(.text) refers to rt_raise.o(.text) for __rt_raise
    rt_raise.o(.text) refers to __raise.o(.text) for __raise
    rt_raise.o(.text) refers to sys_exit.o(.text) for _sys_exit
    defsig_exit.o(.text) refers to sys_exit.o(.text) for _sys_exit
    defsig_rtmem_inner.o(.text) refers to defsig_general.o(.text) for __default_signal_display
    __raise.o(.text) refers to defsig.o(CL$$defsig) for __default_signal_handler
    defsig_general.o(.text) refers to sys_wrch.o(.text) for _ttywrch
    sys_wrch.o(.text) refers (Special) to use_no_semi.o(.text) for __I$use$semihosting
    sys_wrch.o(.text) refers (Special) to indicate_semi.o(.text) for __semihosting_library_function
    sys_wrch_hlt.o(.text) refers (Special) to use_no_semi.o(.text) for __I$use$semihosting
    sys_wrch_hlt.o(.text) refers (Special) to indicate_semi.o(.text) for __semihosting_library_function
    defsig.o(CL$$defsig) refers to defsig_rtmem_inner.o(.text) for __rt_SIGRTMEM_inner
    defsig_abrt_inner.o(.text) refers to defsig_general.o(.text) for __default_signal_display
    defsig_fpe_inner.o(.text) refers to defsig_general.o(.text) for __default_signal_display
    defsig_rtred_inner.o(.text) refers to defsig_general.o(.text) for __default_signal_display
    defsig_stak_inner.o(.text) refers to defsig_general.o(.text) for __default_signal_display
    defsig_pvfn_inner.o(.text) refers to defsig_general.o(.text) for __default_signal_display
    defsig_cppl_inner.o(.text) refers to defsig_general.o(.text) for __default_signal_display
    defsig_segv_inner.o(.text) refers to defsig_general.o(.text) for __default_signal_display
    defsig_other.o(.text) refers to defsig_general.o(.text) for __default_signal_display


==============================================================================

Removing Unused input sections from the image.

    Removing main.o(.text), (0 bytes).
    Removing main.o(.ARM.exidx.text.main), (8 bytes).
    Removing main.o(.ARM.use_no_argv), (4 bytes).
    Removing led_program.o(.text), (0 bytes).
    Removing led_program.o(.ARM.exidx.text.LED_Init), (8 bytes).
    Removing led_program.o(.ARM.exidx.text.LED_TurnON), (8 bytes).
    Removing led_program.o(.ARM.exidx.text.LED_TurnOFF), (8 bytes).
    Removing systick_program.o(.text), (0 bytes).
    Removing systick_program.o(.text.SYSTICK_INT_EN), (18 bytes).
    Removing systick_program.o(.ARM.exidx.text.SYSTICK_INT_EN), (8 bytes).
    Removing systick_program.o(.ARM.exidx.text.SYSTICK_INT_DIS), (8 bytes).
    Removing systick_program.o(.ARM.exidx.text.SYSTICK_Init), (8 bytes).
    Removing systick_program.o(.ARM.exidx.text.SYSTICK_CLK_EN), (8 bytes).
    Removing systick_program.o(.ARM.exidx.text.SYSTICK_Reload), (8 bytes).
    Removing systick_program.o(.ARM.exidx.text.SYSTICK_Start), (8 bytes).
    Removing systick_program.o(.text.SYSTICK_DeInit), (18 bytes).
    Removing systick_program.o(.ARM.exidx.text.SYSTICK_DeInit), (8 bytes).
    Removing systick_program.o(.text.SYSTICK_Stop), (18 bytes).
    Removing systick_program.o(.ARM.exidx.text.SYSTICK_Stop), (8 bytes).
    Removing systick_program.o(.ARM.exidx.text.SYSTICK_GetCurrentValue), (8 bytes).
    Removing systick_program.o(.text.SYSTICK_SETCallBack), (20 bytes).
    Removing systick_program.o(.ARM.exidx.text.SYSTICK_SETCallBack), (8 bytes).
    Removing systick_program.o(.ARM.exidx.text.SysTick_Handler), (8 bytes).
    Removing gpio_program.o(.text), (0 bytes).
    Removing gpio_program.o(.ARM.exidx.text.GPIOF_CLK_EN), (8 bytes).
    Removing gpio_program.o(.ARM.exidx.text.GPIO_SetPinDigitalEnable), (8 bytes).
    Removing gpio_program.o(.ARM.exidx.text.GPIO_SetPinDirection), (8 bytes).
    Removing gpio_program.o(.ARM.exidx.text.GPIO_SetPinValue), (8 bytes).
    Removing gpio_program.o(.text.GPIO_GetPinValue), (84 bytes).
    Removing gpio_program.o(.ARM.exidx.text.GPIO_GetPinValue), (8 bytes).
    Removing gpio_program.o(.ARM.exidx.text.GPIO_Config_PUR), (8 bytes).
    Removing gpio_program.o(.ARM.exidx.text.GPIO_SelectInterruptSense), (8 bytes).
    Removing gpio_program.o(.ARM.exidx.text.GPIO_EnableInterrupt), (8 bytes).
    Removing gpio_program.o(.ARM.exidx.text.GPIO_SelectInterruptEvent), (8 bytes).
    Removing gpio_program.o(.ARM.exidx.text.GPIO_InterruptEdges), (8 bytes).
    Removing gpio_program.o(.ARM.exidx.text.GPIO_ClearInterrupt), (8 bytes).
    Removing gpio_program.o(.ARM.exidx.text.GPIO_u8GetInterruptStatus), (8 bytes).
    Removing gpio_program.o(.ARM.exidx.text.GPIO_Unlock), (8 bytes).
    Removing gpio_program.o(.ARM.exidx.text.GPIO_Lock), (8 bytes).
    Removing gpio_program.o(.ARM.exidx.text.GPIO_Commit), (8 bytes).
    Removing gpio_program.o(.ARM.exidx.text.GPIO_SetCallBack), (8 bytes).
    Removing gpio_program.o(.ARM.exidx.text.GPIOF_Handler), (8 bytes).
    Removing button_program.o(.text), (0 bytes).
    Removing button_program.o(.text.delay_ms), (62 bytes).
    Removing button_program.o(.ARM.exidx.text.delay_ms), (8 bytes).
    Removing button_program.o(.ARM.exidx.text.SW1_Init), (8 bytes).
    Removing button_program.o(.ARM.exidx.text.vidProcessButtons), (8 bytes).
    Removing button_program.o(.ARM.exidx.text.SW2_Init), (8 bytes).
    Removing sys_program.o(.text), (0 bytes).
    Removing sys_program.o(.ARM.exidx.text.SYSCTRL_GPIO_CLK_EN), (8 bytes).
    Removing nvic_program.o(.text), (0 bytes).
    Removing nvic_program.o(.ARM.exidx.text.NVIC_vidSetInterrupt), (8 bytes).
    Removing nvic_program.o(.text.NVIC_vidClearInterrupt), (104 bytes).
    Removing nvic_program.o(.ARM.exidx.text.NVIC_vidClearInterrupt), (8 bytes).
    Removing nvic_program.o(.text.NVIC_vidSetPending), (104 bytes).
    Removing nvic_program.o(.ARM.exidx.text.NVIC_vidSetPending), (8 bytes).
    Removing nvic_program.o(.text.NVIC_vidClearPending), (104 bytes).
    Removing nvic_program.o(.ARM.exidx.text.NVIC_vidClearPending), (8 bytes).
    Removing nvic_program.o(.text.NVIC_vidSetPriority), (34 bytes).
    Removing nvic_program.o(.ARM.exidx.text.NVIC_vidSetPriority), (8 bytes).
    Removing system_tm4c123.o(.text), (0 bytes).
    Removing system_tm4c123.o(.text.SystemCoreClockUpdate), (326 bytes).
    Removing system_tm4c123.o(.ARM.exidx.text.SystemCoreClockUpdate), (8 bytes).
    Removing system_tm4c123.o(.text.getOscClk), (360 bytes).
    Removing system_tm4c123.o(.ARM.exidx.text.getOscClk), (8 bytes).
    Removing system_tm4c123.o(.ARM.exidx.text.SystemInit), (8 bytes).
    Removing system_tm4c123.o(.data.SystemCoreClock), (4 bytes).

67 unused section(s) (total 1620 bytes) removed from the image.

==============================================================================

Image Symbol Table

    Local Symbols

    Symbol Name                              Value     Ov Type        Size  Object(Section)

    ../clib/angel/boardlib.s                 0x00000000   Number         0  boardinit1.o ABSOLUTE
    ../clib/angel/boardlib.s                 0x00000000   Number         0  boardinit2.o ABSOLUTE
    ../clib/angel/boardlib.s                 0x00000000   Number         0  boardinit3.o ABSOLUTE
    ../clib/angel/boardlib.s                 0x00000000   Number         0  boardshut.o ABSOLUTE
    ../clib/angel/handlers.s                 0x00000000   Number         0  __scatter_zi.o ABSOLUTE
    ../clib/angel/kernel.s                   0x00000000   Number         0  __rtentry.o ABSOLUTE
    ../clib/angel/kernel.s                   0x00000000   Number         0  __rtentry2.o ABSOLUTE
    ../clib/angel/kernel.s                   0x00000000   Number         0  __rtentry4.o ABSOLUTE
    ../clib/angel/kernel.s                   0x00000000   Number         0  rtexit.o ABSOLUTE
    ../clib/angel/kernel.s                   0x00000000   Number         0  rtexit2.o ABSOLUTE
    ../clib/angel/rt.s                       0x00000000   Number         0  rt_raise.o ABSOLUTE
    ../clib/angel/scatter.s                  0x00000000   Number         0  __scatter.o ABSOLUTE
    ../clib/angel/startup.s                  0x00000000   Number         0  __main.o ABSOLUTE
    ../clib/angel/sys.s                      0x00000000   Number         0  sys_stackheap_outer.o ABSOLUTE
    ../clib/angel/sys.s                      0x00000000   Number         0  libspace.o ABSOLUTE
    ../clib/angel/sys.s                      0x00000000   Number         0  use_no_semi.o ABSOLUTE
    ../clib/angel/sys.s                      0x00000000   Number         0  indicate_semi.o ABSOLUTE
    ../clib/angel/sysapp.c                   0x00000000   Number         0  sys_exit.o ABSOLUTE
    ../clib/angel/sysapp.c                   0x00000000   Number         0  sys_exit_hlt.o ABSOLUTE
    ../clib/angel/sysapp.c                   0x00000000   Number         0  sys_command.o ABSOLUTE
    ../clib/angel/sysapp.c                   0x00000000   Number         0  sys_command_hlt.o ABSOLUTE
    ../clib/angel/sysapp.c                   0x00000000   Number         0  sys_wrch.o ABSOLUTE
    ../clib/angel/sysapp.c                   0x00000000   Number         0  sys_wrch_hlt.o ABSOLUTE
    ../clib/armsys.c                         0x00000000   Number         0  argv_veneer.o ABSOLUTE
    ../clib/armsys.c                         0x00000000   Number         0  argv_veneer.o ABSOLUTE
    ../clib/armsys.c                         0x00000000   Number         0  _get_argv_nomalloc.o ABSOLUTE
    ../clib/armsys.c                         0x00000000   Number         0  no_argv.o ABSOLUTE
    ../clib/heapalloc.c                      0x00000000   Number         0  hrguard.o ABSOLUTE
    ../clib/heapaux.c                        0x00000000   Number         0  heapauxi.o ABSOLUTE
    ../clib/irq.c                            0x00000000   Number         0  irqnopfx.o ABSOLUTE
    ../clib/libinit.s                        0x00000000   Number         0  libinit.o ABSOLUTE
    ../clib/libinit.s                        0x00000000   Number         0  libinit2.o ABSOLUTE
    ../clib/libinit.s                        0x00000000   Number         0  libshutdown.o ABSOLUTE
    ../clib/libinit.s                        0x00000000   Number         0  libshutdown2.o ABSOLUTE
    ../clib/signal.c                         0x00000000   Number         0  defsig_rtmem_outer.o ABSOLUTE
    ../clib/signal.c                         0x00000000   Number         0  defsig_rtmem_formal.o ABSOLUTE
    ../clib/signal.c                         0x00000000   Number         0  defsig_exit.o ABSOLUTE
    ../clib/signal.c                         0x00000000   Number         0  defsig_rtmem_inner.o ABSOLUTE
    ../clib/signal.c                         0x00000000   Number         0  __raise.o ABSOLUTE
    ../clib/signal.c                         0x00000000   Number         0  defsig_general.o ABSOLUTE
    ../clib/signal.c                         0x00000000   Number         0  defsig_abrt_inner.o ABSOLUTE
    ../clib/signal.c                         0x00000000   Number         0  defsig_fpe_inner.o ABSOLUTE
    ../clib/signal.c                         0x00000000   Number         0  defsig_rtred_inner.o ABSOLUTE
    ../clib/signal.c                         0x00000000   Number         0  defsig_stak_inner.o ABSOLUTE
    ../clib/signal.c                         0x00000000   Number         0  defsig_pvfn_inner.o ABSOLUTE
    ../clib/signal.c                         0x00000000   Number         0  defsig_cppl_inner.o ABSOLUTE
    ../clib/signal.c                         0x00000000   Number         0  defsig_segv_inner.o ABSOLUTE
    ../clib/signal.c                         0x00000000   Number         0  defsig_other.o ABSOLUTE
    ../clib/signal.s                         0x00000000   Number         0  defsig.o ABSOLUTE
    ../clib/stdlib.c                         0x00000000   Number         0  exit.o ABSOLUTE
    ../fplib/fpinit.s                        0x00000000   Number         0  fpinit.o ABSOLUTE
    BUTTON_program.c                         0x00000000   Number         0  button_program.o ABSOLUTE
    GPIO_program.c                           0x00000000   Number         0  gpio_program.o ABSOLUTE
    LED_program.c                            0x00000000   Number         0  led_program.o ABSOLUTE
    NVIC_program.c                           0x00000000   Number         0  nvic_program.o ABSOLUTE
    RTE/Device/TM4C123GH6PM/startup_TM4C123.s 0x00000000   Number         0  startup_tm4c123.o ABSOLUTE
    SYS_program.c                            0x00000000   Number         0  sys_program.o ABSOLUTE
    SysTick_program.c                        0x00000000   Number         0  systick_program.o ABSOLUTE
    dc.s                                     0x00000000   Number         0  dc.o ABSOLUTE
    main.c                                   0x00000000   Number         0  main.o ABSOLUTE
    system_TM4C123.c                         0x00000000   Number         0  system_tm4c123.o ABSOLUTE
    RESET                                    0x00000000   Section      620  startup_tm4c123.o(RESET)
    !!!main                                  0x0000026c   Section        8  __main.o(!!!main)
    !!!scatter                               0x00000274   Section       52  __scatter.o(!!!scatter)
    !!handler_zi                             0x000002a8   Section       28  __scatter_zi.o(!!handler_zi)
    .ARM.Collect$$libinit$$00000000          0x000002c4   Section        2  libinit.o(.ARM.Collect$$libinit$$00000000)
    .ARM.Collect$$libinit$$00000001          0x000002c6   Section        4  libinit2.o(.ARM.Collect$$libinit$$00000001)
    .ARM.Collect$$libinit$$00000004          0x000002ca   Section        0  libinit2.o(.ARM.Collect$$libinit$$00000004)
    .ARM.Collect$$libinit$$00000006          0x000002ca   Section        0  libinit2.o(.ARM.Collect$$libinit$$00000006)
    .ARM.Collect$$libinit$$0000000C          0x000002ca   Section        0  libinit2.o(.ARM.Collect$$libinit$$0000000C)
    .ARM.Collect$$libinit$$0000000E          0x000002ca   Section        0  libinit2.o(.ARM.Collect$$libinit$$0000000E)
    .ARM.Collect$$libinit$$00000010          0x000002ca   Section        0  libinit2.o(.ARM.Collect$$libinit$$00000010)
    .ARM.Collect$$libinit$$00000013          0x000002ca   Section        0  libinit2.o(.ARM.Collect$$libinit$$00000013)
    .ARM.Collect$$libinit$$00000015          0x000002ca   Section        0  libinit2.o(.ARM.Collect$$libinit$$00000015)
    .ARM.Collect$$libinit$$00000017          0x000002ca   Section        0  libinit2.o(.ARM.Collect$$libinit$$00000017)
    .ARM.Collect$$libinit$$00000019          0x000002ca   Section        0  libinit2.o(.ARM.Collect$$libinit$$00000019)
    .ARM.Collect$$libinit$$0000001B          0x000002ca   Section        0  libinit2.o(.ARM.Collect$$libinit$$0000001B)
    .ARM.Collect$$libinit$$0000001D          0x000002ca   Section        0  libinit2.o(.ARM.Collect$$libinit$$0000001D)
    .ARM.Collect$$libinit$$0000001F          0x000002ca   Section        0  libinit2.o(.ARM.Collect$$libinit$$0000001F)
    .ARM.Collect$$libinit$$00000021          0x000002ca   Section        0  libinit2.o(.ARM.Collect$$libinit$$00000021)
    .ARM.Collect$$libinit$$00000023          0x000002ca   Section        0  libinit2.o(.ARM.Collect$$libinit$$00000023)
    .ARM.Collect$$libinit$$00000025          0x000002ca   Section        0  libinit2.o(.ARM.Collect$$libinit$$00000025)
    .ARM.Collect$$libinit$$00000027          0x000002ca   Section        0  libinit2.o(.ARM.Collect$$libinit$$00000027)
    .ARM.Collect$$libinit$$0000002E          0x000002ca   Section        0  libinit2.o(.ARM.Collect$$libinit$$0000002E)
    .ARM.Collect$$libinit$$00000030          0x000002ca   Section        0  libinit2.o(.ARM.Collect$$libinit$$00000030)
    .ARM.Collect$$libinit$$00000032          0x000002ca   Section        0  libinit2.o(.ARM.Collect$$libinit$$00000032)
    .ARM.Collect$$libinit$$00000034          0x000002ca   Section        0  libinit2.o(.ARM.Collect$$libinit$$00000034)
    .ARM.Collect$$libinit$$00000035          0x000002ca   Section        2  libinit2.o(.ARM.Collect$$libinit$$00000035)
    .ARM.Collect$$libshutdown$$00000000      0x000002cc   Section        2  libshutdown.o(.ARM.Collect$$libshutdown$$00000000)
    .ARM.Collect$$libshutdown$$00000002      0x000002ce   Section        0  libshutdown2.o(.ARM.Collect$$libshutdown$$00000002)
    .ARM.Collect$$libshutdown$$00000004      0x000002ce   Section        0  libshutdown2.o(.ARM.Collect$$libshutdown$$00000004)
    .ARM.Collect$$libshutdown$$00000007      0x000002ce   Section        0  libshutdown2.o(.ARM.Collect$$libshutdown$$00000007)
    .ARM.Collect$$libshutdown$$0000000A      0x000002ce   Section        0  libshutdown2.o(.ARM.Collect$$libshutdown$$0000000A)
    .ARM.Collect$$libshutdown$$0000000C      0x000002ce   Section        0  libshutdown2.o(.ARM.Collect$$libshutdown$$0000000C)
    .ARM.Collect$$libshutdown$$0000000F      0x000002ce   Section        0  libshutdown2.o(.ARM.Collect$$libshutdown$$0000000F)
    .ARM.Collect$$libshutdown$$00000010      0x000002ce   Section        2  libshutdown2.o(.ARM.Collect$$libshutdown$$00000010)
    .ARM.Collect$$rtentry$$00000000          0x000002d0   Section        0  __rtentry.o(.ARM.Collect$$rtentry$$00000000)
    .ARM.Collect$$rtentry$$00000002          0x000002d0   Section        0  __rtentry2.o(.ARM.Collect$$rtentry$$00000002)
    .ARM.Collect$$rtentry$$00000004          0x000002d0   Section        6  __rtentry4.o(.ARM.Collect$$rtentry$$00000004)
    .ARM.Collect$$rtentry$$00000009          0x000002d6   Section        0  __rtentry2.o(.ARM.Collect$$rtentry$$00000009)
    .ARM.Collect$$rtentry$$0000000A          0x000002d6   Section        4  __rtentry2.o(.ARM.Collect$$rtentry$$0000000A)
    .ARM.Collect$$rtentry$$0000000C          0x000002da   Section        0  __rtentry2.o(.ARM.Collect$$rtentry$$0000000C)
    .ARM.Collect$$rtentry$$0000000D          0x000002da   Section        8  __rtentry2.o(.ARM.Collect$$rtentry$$0000000D)
    .ARM.Collect$$rtexit$$00000000           0x000002e2   Section        2  rtexit.o(.ARM.Collect$$rtexit$$00000000)
    .ARM.Collect$$rtexit$$00000002           0x000002e4   Section        0  rtexit2.o(.ARM.Collect$$rtexit$$00000002)
    .ARM.Collect$$rtexit$$00000003           0x000002e4   Section        4  rtexit2.o(.ARM.Collect$$rtexit$$00000003)
    .ARM.Collect$$rtexit$$00000004           0x000002e8   Section        6  rtexit2.o(.ARM.Collect$$rtexit$$00000004)
    $v0                                      0x000002f0   Number         0  startup_tm4c123.o(.text)
    .text                                    0x000002f0   Section      276  startup_tm4c123.o(.text)
    .text                                    0x00000404   Section        0  heapauxi.o(.text)
    .text                                    0x0000040a   Section       74  sys_stackheap_outer.o(.text)
    .text                                    0x00000454   Section        0  exit.o(.text)
    .text                                    0x00000468   Section        8  libspace.o(.text)
    .text                                    0x00000470   Section        0  sys_exit.o(.text)
    .text                                    0x0000047c   Section        2  use_no_semi.o(.text)
    .text                                    0x0000047e   Section        0  indicate_semi.o(.text)
    [Anonymous Symbol]                       0x00000480   Section        0  gpio_program.o(.text.GPIOF_CLK_EN)
    [Anonymous Symbol]                       0x00000494   Section        0  gpio_program.o(.text.GPIOF_Handler)
    [Anonymous Symbol]                       0x000004a4   Section        0  gpio_program.o(.text.GPIO_ClearInterrupt)
    [Anonymous Symbol]                       0x000004f0   Section        0  gpio_program.o(.text.GPIO_Commit)
    [Anonymous Symbol]                       0x0000053c   Section        0  gpio_program.o(.text.GPIO_Config_PUR)
    [Anonymous Symbol]                       0x000005b0   Section        0  gpio_program.o(.text.GPIO_EnableInterrupt)
    [Anonymous Symbol]                       0x000005fc   Section        0  gpio_program.o(.text.GPIO_InterruptEdges)
    [Anonymous Symbol]                       0x00000670   Section        0  gpio_program.o(.text.GPIO_Lock)
    [Anonymous Symbol]                       0x000006ac   Section        0  gpio_program.o(.text.GPIO_SelectInterruptEvent)
    [Anonymous Symbol]                       0x00000720   Section        0  gpio_program.o(.text.GPIO_SelectInterruptSense)
    [Anonymous Symbol]                       0x00000794   Section        0  gpio_program.o(.text.GPIO_SetCallBack)
    [Anonymous Symbol]                       0x000007b8   Section        0  gpio_program.o(.text.GPIO_SetPinDigitalEnable)
    [Anonymous Symbol]                       0x0000082c   Section        0  gpio_program.o(.text.GPIO_SetPinDirection)
    [Anonymous Symbol]                       0x000008a0   Section        0  gpio_program.o(.text.GPIO_SetPinValue)
    [Anonymous Symbol]                       0x00000914   Section        0  gpio_program.o(.text.GPIO_Unlock)
    [Anonymous Symbol]                       0x00000954   Section        0  gpio_program.o(.text.GPIO_u8GetInterruptStatus)
    [Anonymous Symbol]                       0x000009a8   Section        0  led_program.o(.text.LED_Init)
    [Anonymous Symbol]                       0x000009d0   Section        0  led_program.o(.text.LED_TurnOFF)
    [Anonymous Symbol]                       0x000009e0   Section        0  led_program.o(.text.LED_TurnON)
    [Anonymous Symbol]                       0x000009f0   Section        0  nvic_program.o(.text.NVIC_vidSetInterrupt)
    [Anonymous Symbol]                       0x00000a58   Section        0  button_program.o(.text.SW1_Init)
    [Anonymous Symbol]                       0x00000ad4   Section        0  button_program.o(.text.SW2_Init)
    [Anonymous Symbol]                       0x00000b44   Section        0  sys_program.o(.text.SYSCTRL_GPIO_CLK_EN)
    SYSTICK_CLK_EN                           0x00000bd5   Thumb Code    18  systick_program.o(.text.SYSTICK_CLK_EN)
    [Anonymous Symbol]                       0x00000bd4   Section        0  systick_program.o(.text.SYSTICK_CLK_EN)
    [Anonymous Symbol]                       0x00000be8   Section        0  systick_program.o(.text.SYSTICK_GetCurrentValue)
    [Anonymous Symbol]                       0x00000bf4   Section        0  systick_program.o(.text.SYSTICK_INT_DIS)
    [Anonymous Symbol]                       0x00000c08   Section        0  systick_program.o(.text.SYSTICK_Init)
    [Anonymous Symbol]                       0x00000c24   Section        0  systick_program.o(.text.SYSTICK_Reload)
    [Anonymous Symbol]                       0x00000c38   Section        0  systick_program.o(.text.SYSTICK_Start)
    [Anonymous Symbol]                       0x00000c4c   Section        0  systick_program.o(.text.SysTick_Handler)
    [Anonymous Symbol]                       0x00000c5c   Section        0  system_tm4c123.o(.text.SystemInit)
    [Anonymous Symbol]                       0x00000d68   Section        0  main.o(.text.main)
    [Anonymous Symbol]                       0x00000dcc   Section        0  button_program.o(.text.vidProcessButtons)
    $v0                                      0x00000e02   Number         0  fpinit.o(x$fpl$fpinit)
    x$fpl$fpinit                             0x00000e02   Section       26  fpinit.o(x$fpl$fpinit)
    .bss                                     0x20000000   Section       96  libspace.o(.bss)
    CallBack                                 0x20000060   Data           4  systick_program.o(.bss.CallBack)
    [Anonymous Symbol]                       0x20000060   Section        0  systick_program.o(.bss.CallBack)
    GPIOF_CallBack                           0x20000064   Data           4  gpio_program.o(.bss.GPIOF_CallBack)
    [Anonymous Symbol]                       0x20000064   Section        0  gpio_program.o(.bss.GPIOF_CallBack)
    Heap_Mem                                 0x20000068   Data           0  startup_tm4c123.o(HEAP)
    Stack_Mem                                0x20000068   Data         512  startup_tm4c123.o(STACK)
    HEAP                                     0x20000068   Section        0  startup_tm4c123.o(HEAP)
    STACK                                    0x20000068   Section      512  startup_tm4c123.o(STACK)
    __initial_sp                             0x20000268   Data           0  startup_tm4c123.o(STACK)

    Global Symbols

    Symbol Name                              Value     Ov Type        Size  Object(Section)

    BuildAttributes$$THM_ISAv4$E$P$D$K$B$S$7EM$VFPi3$EXTD16$VFPS$VFMA$PE$A:L22UL41UL21$X:L11$S22US41US21$IEEE1$IW$~IW$USESV6$~STKCKD$USESV7$~SHL$OSPACE$ROPI$EBA8$UX$STANDARDLIB$REQ8$PRES8$EABIv2 0x00000000   Number         0  anon$$obj.o ABSOLUTE
    __Vectors                                0x00000000   Data           4  startup_tm4c123.o(RESET)
    __ARM_exceptions_init                     - Undefined Weak Reference
    __alloca_initialize                       - Undefined Weak Reference
    __arm_preinit_                            - Undefined Weak Reference
    __arm_relocate_pie_                       - Undefined Weak Reference
    __cpp_initialize__aeabi_                  - Undefined Weak Reference
    __cxa_finalize                            - Undefined Weak Reference
    __rt_locale                               - Undefined Weak Reference
    __sigvec_lookup                           - Undefined Weak Reference
    _atexit_init                              - Undefined Weak Reference
    _call_atexit_fns                          - Undefined Weak Reference
    _clock_init                               - Undefined Weak Reference
    _fp_trap_init                             - Undefined Weak Reference
    _fp_trap_shutdown                         - Undefined Weak Reference
    _get_lc_collate                           - Undefined Weak Reference
    _get_lc_ctype                             - Undefined Weak Reference
    _get_lc_monetary                          - Undefined Weak Reference
    _get_lc_numeric                           - Undefined Weak Reference
    _get_lc_time                              - Undefined Weak Reference
    _getenv_init                              - Undefined Weak Reference
    _handle_redirection                       - Undefined Weak Reference
    _init_alloc                               - Undefined Weak Reference
    _init_user_alloc                          - Undefined Weak Reference
    _initio                                   - Undefined Weak Reference
    _rand_init                                - Undefined Weak Reference
    _signal_finish                            - Undefined Weak Reference
    _signal_init                              - Undefined Weak Reference
    _terminate_alloc                          - Undefined Weak Reference
    _terminate_user_alloc                     - Undefined Weak Reference
    _terminateio                              - Undefined Weak Reference
    __Vectors_End                            0x0000026c   Data           0  startup_tm4c123.o(RESET)
    __Vectors_Size                           0x0000026c   Number         0  startup_tm4c123.o ABSOLUTE
    __main                                   0x0000026d   Thumb Code     8  __main.o(!!!main)
    __scatterload                            0x00000275   Thumb Code     0  __scatter.o(!!!scatter)
    __scatterload_rt2                        0x00000275   Thumb Code    44  __scatter.o(!!!scatter)
    __scatterload_rt2_thumb_only             0x00000275   Thumb Code     0  __scatter.o(!!!scatter)
    __scatterload_null                       0x00000283   Thumb Code     0  __scatter.o(!!!scatter)
    __scatterload_zeroinit                   0x000002a9   Thumb Code    28  __scatter_zi.o(!!handler_zi)
    __rt_lib_init                            0x000002c5   Thumb Code     0  libinit.o(.ARM.Collect$$libinit$$00000000)
    __rt_lib_init_fp_1                       0x000002c7   Thumb Code     0  libinit2.o(.ARM.Collect$$libinit$$00000001)
    __rt_lib_init_alloca_1                   0x000002cb   Thumb Code     0  libinit2.o(.ARM.Collect$$libinit$$00000030)
    __rt_lib_init_argv_1                     0x000002cb   Thumb Code     0  libinit2.o(.ARM.Collect$$libinit$$0000002E)
    __rt_lib_init_atexit_1                   0x000002cb   Thumb Code     0  libinit2.o(.ARM.Collect$$libinit$$0000001D)
    __rt_lib_init_clock_1                    0x000002cb   Thumb Code     0  libinit2.o(.ARM.Collect$$libinit$$00000023)
    __rt_lib_init_cpp_1                      0x000002cb   Thumb Code     0  libinit2.o(.ARM.Collect$$libinit$$00000034)
    __rt_lib_init_exceptions_1               0x000002cb   Thumb Code     0  libinit2.o(.ARM.Collect$$libinit$$00000032)
    __rt_lib_init_fp_trap_1                  0x000002cb   Thumb Code     0  libinit2.o(.ARM.Collect$$libinit$$00000021)
    __rt_lib_init_getenv_1                   0x000002cb   Thumb Code     0  libinit2.o(.ARM.Collect$$libinit$$00000025)
    __rt_lib_init_heap_1                     0x000002cb   Thumb Code     0  libinit2.o(.ARM.Collect$$libinit$$0000000C)
    __rt_lib_init_lc_collate_1               0x000002cb   Thumb Code     0  libinit2.o(.ARM.Collect$$libinit$$00000013)
    __rt_lib_init_lc_ctype_1                 0x000002cb   Thumb Code     0  libinit2.o(.ARM.Collect$$libinit$$00000015)
    __rt_lib_init_lc_monetary_1              0x000002cb   Thumb Code     0  libinit2.o(.ARM.Collect$$libinit$$00000017)
    __rt_lib_init_lc_numeric_1               0x000002cb   Thumb Code     0  libinit2.o(.ARM.Collect$$libinit$$00000019)
    __rt_lib_init_lc_time_1                  0x000002cb   Thumb Code     0  libinit2.o(.ARM.Collect$$libinit$$0000001B)
    __rt_lib_init_preinit_1                  0x000002cb   Thumb Code     0  libinit2.o(.ARM.Collect$$libinit$$00000006)
    __rt_lib_init_rand_1                     0x000002cb   Thumb Code     0  libinit2.o(.ARM.Collect$$libinit$$00000010)
    __rt_lib_init_relocate_pie_1             0x000002cb   Thumb Code     0  libinit2.o(.ARM.Collect$$libinit$$00000004)
    __rt_lib_init_return                     0x000002cb   Thumb Code     0  libinit2.o(.ARM.Collect$$libinit$$00000035)
    __rt_lib_init_signal_1                   0x000002cb   Thumb Code     0  libinit2.o(.ARM.Collect$$libinit$$0000001F)
    __rt_lib_init_stdio_1                    0x000002cb   Thumb Code     0  libinit2.o(.ARM.Collect$$libinit$$00000027)
    __rt_lib_init_user_alloc_1               0x000002cb   Thumb Code     0  libinit2.o(.ARM.Collect$$libinit$$0000000E)
    __rt_lib_shutdown                        0x000002cd   Thumb Code     0  libshutdown.o(.ARM.Collect$$libshutdown$$00000000)
    __rt_lib_shutdown_cpp_1                  0x000002cf   Thumb Code     0  libshutdown2.o(.ARM.Collect$$libshutdown$$00000002)
    __rt_lib_shutdown_fp_trap_1              0x000002cf   Thumb Code     0  libshutdown2.o(.ARM.Collect$$libshutdown$$00000007)
    __rt_lib_shutdown_heap_1                 0x000002cf   Thumb Code     0  libshutdown2.o(.ARM.Collect$$libshutdown$$0000000F)
    __rt_lib_shutdown_return                 0x000002cf   Thumb Code     0  libshutdown2.o(.ARM.Collect$$libshutdown$$00000010)
    __rt_lib_shutdown_signal_1               0x000002cf   Thumb Code     0  libshutdown2.o(.ARM.Collect$$libshutdown$$0000000A)
    __rt_lib_shutdown_stdio_1                0x000002cf   Thumb Code     0  libshutdown2.o(.ARM.Collect$$libshutdown$$00000004)
    __rt_lib_shutdown_user_alloc_1           0x000002cf   Thumb Code     0  libshutdown2.o(.ARM.Collect$$libshutdown$$0000000C)
    __rt_entry                               0x000002d1   Thumb Code     0  __rtentry.o(.ARM.Collect$$rtentry$$00000000)
    __rt_entry_presh_1                       0x000002d1   Thumb Code     0  __rtentry2.o(.ARM.Collect$$rtentry$$00000002)
    __rt_entry_sh                            0x000002d1   Thumb Code     0  __rtentry4.o(.ARM.Collect$$rtentry$$00000004)
    __rt_entry_li                            0x000002d7   Thumb Code     0  __rtentry2.o(.ARM.Collect$$rtentry$$0000000A)
    __rt_entry_postsh_1                      0x000002d7   Thumb Code     0  __rtentry2.o(.ARM.Collect$$rtentry$$00000009)
    __rt_entry_main                          0x000002db   Thumb Code     0  __rtentry2.o(.ARM.Collect$$rtentry$$0000000D)
    __rt_entry_postli_1                      0x000002db   Thumb Code     0  __rtentry2.o(.ARM.Collect$$rtentry$$0000000C)
    __rt_exit                                0x000002e3   Thumb Code     0  rtexit.o(.ARM.Collect$$rtexit$$00000000)
    __rt_exit_ls                             0x000002e5   Thumb Code     0  rtexit2.o(.ARM.Collect$$rtexit$$00000003)
    __rt_exit_prels_1                        0x000002e5   Thumb Code     0  rtexit2.o(.ARM.Collect$$rtexit$$00000002)
    __rt_exit_exit                           0x000002e9   Thumb Code     0  rtexit2.o(.ARM.Collect$$rtexit$$00000004)
    Reset_Handler                            0x000002f1   Thumb Code     8  startup_tm4c123.o(.text)
    NMI_Handler                              0x000002f9   Thumb Code     2  startup_tm4c123.o(.text)
    HardFault_Handler                        0x000002fb   Thumb Code     2  startup_tm4c123.o(.text)
    MemManage_Handler                        0x000002fd   Thumb Code     2  startup_tm4c123.o(.text)
    BusFault_Handler                         0x000002ff   Thumb Code     2  startup_tm4c123.o(.text)
    UsageFault_Handler                       0x00000301   Thumb Code     2  startup_tm4c123.o(.text)
    SVC_Handler                              0x00000303   Thumb Code     2  startup_tm4c123.o(.text)
    DebugMon_Handler                         0x00000305   Thumb Code     2  startup_tm4c123.o(.text)
    PendSV_Handler                           0x00000307   Thumb Code     2  startup_tm4c123.o(.text)
    GPIOA_Handler                            0x0000030b   Thumb Code     2  startup_tm4c123.o(.text)
    GPIOB_Handler                            0x0000030d   Thumb Code     2  startup_tm4c123.o(.text)
    GPIOC_Handler                            0x0000030f   Thumb Code     2  startup_tm4c123.o(.text)
    GPIOD_Handler                            0x00000311   Thumb Code     2  startup_tm4c123.o(.text)
    GPIOE_Handler                            0x00000313   Thumb Code     2  startup_tm4c123.o(.text)
    UART0_Handler                            0x00000315   Thumb Code     2  startup_tm4c123.o(.text)
    UART1_Handler                            0x00000317   Thumb Code     2  startup_tm4c123.o(.text)
    SSI0_Handler                             0x00000319   Thumb Code     2  startup_tm4c123.o(.text)
    I2C0_Handler                             0x0000031b   Thumb Code     2  startup_tm4c123.o(.text)
    PMW0_FAULT_Handler                       0x0000031d   Thumb Code     2  startup_tm4c123.o(.text)
    PWM0_0_Handler                           0x0000031f   Thumb Code     2  startup_tm4c123.o(.text)
    PWM0_1_Handler                           0x00000321   Thumb Code     2  startup_tm4c123.o(.text)
    PWM0_2_Handler                           0x00000323   Thumb Code     2  startup_tm4c123.o(.text)
    QEI0_Handler                             0x00000325   Thumb Code     2  startup_tm4c123.o(.text)
    ADC0SS0_Handler                          0x00000327   Thumb Code     2  startup_tm4c123.o(.text)
    ADC0SS1_Handler                          0x00000329   Thumb Code     2  startup_tm4c123.o(.text)
    ADC0SS2_Handler                          0x0000032b   Thumb Code     2  startup_tm4c123.o(.text)
    ADC0SS3_Handler                          0x0000032d   Thumb Code     2  startup_tm4c123.o(.text)
    WDT0_Handler                             0x0000032f   Thumb Code     2  startup_tm4c123.o(.text)
    TIMER0A_Handler                          0x00000331   Thumb Code     2  startup_tm4c123.o(.text)
    TIMER0B_Handler                          0x00000333   Thumb Code     2  startup_tm4c123.o(.text)
    TIMER1A_Handler                          0x00000335   Thumb Code     2  startup_tm4c123.o(.text)
    TIMER1B_Handler                          0x00000337   Thumb Code     2  startup_tm4c123.o(.text)
    TIMER2A_Handler                          0x00000339   Thumb Code     2  startup_tm4c123.o(.text)
    TIMER2B_Handler                          0x0000033b   Thumb Code     2  startup_tm4c123.o(.text)
    COMP0_Handler                            0x0000033d   Thumb Code     2  startup_tm4c123.o(.text)
    COMP1_Handler                            0x0000033f   Thumb Code     2  startup_tm4c123.o(.text)
    COMP2_Handler                            0x00000341   Thumb Code     2  startup_tm4c123.o(.text)
    SYSCTL_Handler                           0x00000343   Thumb Code     2  startup_tm4c123.o(.text)
    FLASH_Handler                            0x00000345   Thumb Code     2  startup_tm4c123.o(.text)
    GPIOG_Handler                            0x00000349   Thumb Code     2  startup_tm4c123.o(.text)
    GPIOH_Handler                            0x0000034b   Thumb Code     2  startup_tm4c123.o(.text)
    UART2_Handler                            0x0000034d   Thumb Code     2  startup_tm4c123.o(.text)
    SSI1_Handler                             0x0000034f   Thumb Code     2  startup_tm4c123.o(.text)
    TIMER3A_Handler                          0x00000351   Thumb Code     2  startup_tm4c123.o(.text)
    TIMER3B_Handler                          0x00000353   Thumb Code     2  startup_tm4c123.o(.text)
    I2C1_Handler                             0x00000355   Thumb Code     2  startup_tm4c123.o(.text)
    QEI1_Handler                             0x00000357   Thumb Code     2  startup_tm4c123.o(.text)
    CAN0_Handler                             0x00000359   Thumb Code     2  startup_tm4c123.o(.text)
    CAN1_Handler                             0x0000035b   Thumb Code     2  startup_tm4c123.o(.text)
    CAN2_Handler                             0x0000035d   Thumb Code     2  startup_tm4c123.o(.text)
    HIB_Handler                              0x0000035f   Thumb Code     2  startup_tm4c123.o(.text)
    USB0_Handler                             0x00000361   Thumb Code     2  startup_tm4c123.o(.text)
    PWM0_3_Handler                           0x00000363   Thumb Code     2  startup_tm4c123.o(.text)
    UDMA_Handler                             0x00000365   Thumb Code     2  startup_tm4c123.o(.text)
    UDMAERR_Handler                          0x00000367   Thumb Code     2  startup_tm4c123.o(.text)
    ADC1SS0_Handler                          0x00000369   Thumb Code     2  startup_tm4c123.o(.text)
    ADC1SS1_Handler                          0x0000036b   Thumb Code     2  startup_tm4c123.o(.text)
    ADC1SS2_Handler                          0x0000036d   Thumb Code     2  startup_tm4c123.o(.text)
    ADC1SS3_Handler                          0x0000036f   Thumb Code     2  startup_tm4c123.o(.text)
    GPIOJ_Handler                            0x00000371   Thumb Code     2  startup_tm4c123.o(.text)
    GPIOK_Handler                            0x00000373   Thumb Code     2  startup_tm4c123.o(.text)
    GPIOL_Handler                            0x00000375   Thumb Code     2  startup_tm4c123.o(.text)
    SSI2_Handler                             0x00000377   Thumb Code     2  startup_tm4c123.o(.text)
    SSI3_Handler                             0x00000379   Thumb Code     2  startup_tm4c123.o(.text)
    UART3_Handler                            0x0000037b   Thumb Code     2  startup_tm4c123.o(.text)
    UART4_Handler                            0x0000037d   Thumb Code     2  startup_tm4c123.o(.text)
    UART5_Handler                            0x0000037f   Thumb Code     2  startup_tm4c123.o(.text)
    UART6_Handler                            0x00000381   Thumb Code     2  startup_tm4c123.o(.text)
    UART7_Handler                            0x00000383   Thumb Code     2  startup_tm4c123.o(.text)
    I2C2_Handler                             0x00000385   Thumb Code     2  startup_tm4c123.o(.text)
    I2C3_Handler                             0x00000387   Thumb Code     2  startup_tm4c123.o(.text)
    TIMER4A_Handler                          0x00000389   Thumb Code     2  startup_tm4c123.o(.text)
    TIMER4B_Handler                          0x0000038b   Thumb Code     2  startup_tm4c123.o(.text)
    TIMER5A_Handler                          0x0000038d   Thumb Code     2  startup_tm4c123.o(.text)
    TIMER5B_Handler                          0x0000038f   Thumb Code     2  startup_tm4c123.o(.text)
    WTIMER0A_Handler                         0x00000391   Thumb Code     2  startup_tm4c123.o(.text)
    WTIMER0B_Handler                         0x00000393   Thumb Code     2  startup_tm4c123.o(.text)
    WTIMER1A_Handler                         0x00000395   Thumb Code     2  startup_tm4c123.o(.text)
    WTIMER1B_Handler                         0x00000397   Thumb Code     2  startup_tm4c123.o(.text)
    WTIMER2A_Handler                         0x00000399   Thumb Code     2  startup_tm4c123.o(.text)
    WTIMER2B_Handler                         0x0000039b   Thumb Code     2  startup_tm4c123.o(.text)
    WTIMER3A_Handler                         0x0000039d   Thumb Code     2  startup_tm4c123.o(.text)
    WTIMER3B_Handler                         0x0000039f   Thumb Code     2  startup_tm4c123.o(.text)
    WTIMER4A_Handler                         0x000003a1   Thumb Code     2  startup_tm4c123.o(.text)
    WTIMER4B_Handler                         0x000003a3   Thumb Code     2  startup_tm4c123.o(.text)
    WTIMER5A_Handler                         0x000003a5   Thumb Code     2  startup_tm4c123.o(.text)
    WTIMER5B_Handler                         0x000003a7   Thumb Code     2  startup_tm4c123.o(.text)
    FPU_Handler                              0x000003a9   Thumb Code     2  startup_tm4c123.o(.text)
    I2C4_Handler                             0x000003ab   Thumb Code     2  startup_tm4c123.o(.text)
    I2C5_Handler                             0x000003ad   Thumb Code     2  startup_tm4c123.o(.text)
    GPIOM_Handler                            0x000003af   Thumb Code     2  startup_tm4c123.o(.text)
    GPION_Handler                            0x000003b1   Thumb Code     2  startup_tm4c123.o(.text)
    QEI2_Handler                             0x000003b3   Thumb Code     2  startup_tm4c123.o(.text)
    GPIOP0_Handler                           0x000003b5   Thumb Code     2  startup_tm4c123.o(.text)
    GPIOP1_Handler                           0x000003b7   Thumb Code     2  startup_tm4c123.o(.text)
    GPIOP2_Handler                           0x000003b9   Thumb Code     2  startup_tm4c123.o(.text)
    GPIOP3_Handler                           0x000003bb   Thumb Code     2  startup_tm4c123.o(.text)
    GPIOP4_Handler                           0x000003bd   Thumb Code     2  startup_tm4c123.o(.text)
    GPIOP5_Handler                           0x000003bf   Thumb Code     2  startup_tm4c123.o(.text)
    GPIOP6_Handler                           0x000003c1   Thumb Code     2  startup_tm4c123.o(.text)
    GPIOP7_Handler                           0x000003c3   Thumb Code     2  startup_tm4c123.o(.text)
    GPIOQ0_Handler                           0x000003c5   Thumb Code     2  startup_tm4c123.o(.text)
    GPIOQ1_Handler                           0x000003c7   Thumb Code     2  startup_tm4c123.o(.text)
    GPIOQ2_Handler                           0x000003c9   Thumb Code     2  startup_tm4c123.o(.text)
    GPIOQ3_Handler                           0x000003cb   Thumb Code     2  startup_tm4c123.o(.text)
    GPIOQ4_Handler                           0x000003cd   Thumb Code     2  startup_tm4c123.o(.text)
    GPIOQ5_Handler                           0x000003cf   Thumb Code     2  startup_tm4c123.o(.text)
    GPIOQ6_Handler                           0x000003d1   Thumb Code     2  startup_tm4c123.o(.text)
    GPIOQ7_Handler                           0x000003d3   Thumb Code     2  startup_tm4c123.o(.text)
    GPIOR_Handler                            0x000003d5   Thumb Code     2  startup_tm4c123.o(.text)
    GPIOS_Handler                            0x000003d7   Thumb Code     2  startup_tm4c123.o(.text)
    PMW1_0_Handler                           0x000003d9   Thumb Code     2  startup_tm4c123.o(.text)
    PWM1_1_Handler                           0x000003db   Thumb Code     2  startup_tm4c123.o(.text)
    PWM1_2_Handler                           0x000003dd   Thumb Code     2  startup_tm4c123.o(.text)
    PWM1_3_Handler                           0x000003df   Thumb Code     2  startup_tm4c123.o(.text)
    PWM1_FAULT_Handler                       0x000003e1   Thumb Code     2  startup_tm4c123.o(.text)
    __user_initial_stackheap                 0x000003e5   Thumb Code     0  startup_tm4c123.o(.text)
    __use_two_region_memory                  0x00000405   Thumb Code     2  heapauxi.o(.text)
    __rt_heap_escrow$2region                 0x00000407   Thumb Code     2  heapauxi.o(.text)
    __rt_heap_expand$2region                 0x00000409   Thumb Code     2  heapauxi.o(.text)
    __user_setup_stackheap                   0x0000040b   Thumb Code    74  sys_stackheap_outer.o(.text)
    exit                                     0x00000455   Thumb Code    18  exit.o(.text)
    __user_libspace                          0x00000469   Thumb Code     8  libspace.o(.text)
    __user_perproc_libspace                  0x00000469   Thumb Code     0  libspace.o(.text)
    __user_perthread_libspace                0x00000469   Thumb Code     0  libspace.o(.text)
    _sys_exit                                0x00000471   Thumb Code     8  sys_exit.o(.text)
    __I$use$semihosting                      0x0000047d   Thumb Code     0  use_no_semi.o(.text)
    __use_no_semihosting_swi                 0x0000047d   Thumb Code     2  use_no_semi.o(.text)
    __semihosting_library_function           0x0000047f   Thumb Code     0  indicate_semi.o(.text)
    GPIOF_CLK_EN                             0x00000481   Thumb Code    18  gpio_program.o(.text.GPIOF_CLK_EN)
    GPIOF_Handler                            0x00000495   Thumb Code    16  gpio_program.o(.text.GPIOF_Handler)
    GPIO_ClearInterrupt                      0x000004a5   Thumb Code    74  gpio_program.o(.text.GPIO_ClearInterrupt)
    GPIO_Commit                              0x000004f1   Thumb Code    74  gpio_program.o(.text.GPIO_Commit)
    GPIO_Config_PUR                          0x0000053d   Thumb Code   116  gpio_program.o(.text.GPIO_Config_PUR)
    GPIO_EnableInterrupt                     0x000005b1   Thumb Code    74  gpio_program.o(.text.GPIO_EnableInterrupt)
    GPIO_InterruptEdges                      0x000005fd   Thumb Code   116  gpio_program.o(.text.GPIO_InterruptEdges)
    GPIO_Lock                                0x00000671   Thumb Code    58  gpio_program.o(.text.GPIO_Lock)
    GPIO_SelectInterruptEvent                0x000006ad   Thumb Code   116  gpio_program.o(.text.GPIO_SelectInterruptEvent)
    GPIO_SelectInterruptSense                0x00000721   Thumb Code   114  gpio_program.o(.text.GPIO_SelectInterruptSense)
    GPIO_SetCallBack                         0x00000795   Thumb Code    36  gpio_program.o(.text.GPIO_SetCallBack)
    GPIO_SetPinDigitalEnable                 0x000007b9   Thumb Code   116  gpio_program.o(.text.GPIO_SetPinDigitalEnable)
    GPIO_SetPinDirection                     0x0000082d   Thumb Code   116  gpio_program.o(.text.GPIO_SetPinDirection)
    GPIO_SetPinValue                         0x000008a1   Thumb Code   116  gpio_program.o(.text.GPIO_SetPinValue)
    GPIO_Unlock                              0x00000915   Thumb Code    64  gpio_program.o(.text.GPIO_Unlock)
    GPIO_u8GetInterruptStatus                0x00000955   Thumb Code    84  gpio_program.o(.text.GPIO_u8GetInterruptStatus)
    LED_Init                                 0x000009a9   Thumb Code    38  led_program.o(.text.LED_Init)
    LED_TurnOFF                              0x000009d1   Thumb Code    14  led_program.o(.text.LED_TurnOFF)
    LED_TurnON                               0x000009e1   Thumb Code    14  led_program.o(.text.LED_TurnON)
    NVIC_vidSetInterrupt                     0x000009f1   Thumb Code   104  nvic_program.o(.text.NVIC_vidSetInterrupt)
    SW1_Init                                 0x00000a59   Thumb Code   124  button_program.o(.text.SW1_Init)
    SW2_Init                                 0x00000ad5   Thumb Code   112  button_program.o(.text.SW2_Init)
    SYSCTRL_GPIO_CLK_EN                      0x00000b45   Thumb Code   142  sys_program.o(.text.SYSCTRL_GPIO_CLK_EN)
    SYSTICK_GetCurrentValue                  0x00000be9   Thumb Code    12  systick_program.o(.text.SYSTICK_GetCurrentValue)
    SYSTICK_INT_DIS                          0x00000bf5   Thumb Code    18  systick_program.o(.text.SYSTICK_INT_DIS)
    SYSTICK_Init                             0x00000c09   Thumb Code    28  systick_program.o(.text.SYSTICK_Init)
    SYSTICK_Reload                           0x00000c25   Thumb Code    20  systick_program.o(.text.SYSTICK_Reload)
    SYSTICK_Start                            0x00000c39   Thumb Code    18  systick_program.o(.text.SYSTICK_Start)
    SysTick_Handler                          0x00000c4d   Thumb Code    16  systick_program.o(.text.SysTick_Handler)
    SystemInit                               0x00000c5d   Thumb Code   268  system_tm4c123.o(.text.SystemInit)
    main                                     0x00000d69   Thumb Code    98  main.o(.text.main)
    vidProcessButtons                        0x00000dcd   Thumb Code    54  button_program.o(.text.vidProcessButtons)
    _fp_init                                 0x00000e03   Thumb Code    26  fpinit.o(x$fpl$fpinit)
    __fplib_config_fpu_vfp                   0x00000e1b   Thumb Code     0  fpinit.o(x$fpl$fpinit)
    __fplib_config_pureend_doubles           0x00000e1b   Thumb Code     0  fpinit.o(x$fpl$fpinit)
    Region$$Table$$Base                      0x00000e1c   Number         0  anon$$obj.o(Region$$Table)
    Region$$Table$$Limit                     0x00000e2c   Number         0  anon$$obj.o(Region$$Table)
    __libspace_start                         0x20000000   Data          96  libspace.o(.bss)
    __temporary_stack_top$libspace           0x20000060   Data           0  libspace.o(.bss)



==============================================================================

Memory Map of the image

  Image Entry point : 0x000002f1

  Load Region LR_1 (Base: 0x00000000, Size: 0x00000e2c, Max: 0xffffffff, ABSOLUTE)

    Execution Region ER_RO (Exec base: 0x00000000, Load base: 0x00000000, Size: 0x00000e2c, Max: 0xffffffff, ABSOLUTE)

    Exec Addr    Load Addr    Size         Type   Attr      Idx    E Section Name        Object

    0x00000000   0x00000000   0x0000026c   Data   RO          137    RESET               startup_tm4c123.o
    0x0000026c   0x0000026c   0x00000008   Code   RO          162  * !!!main             c_w.l(__main.o)
    0x00000274   0x00000274   0x00000034   Code   RO          335    !!!scatter          c_w.l(__scatter.o)
    0x000002a8   0x000002a8   0x0000001c   Code   RO          337    !!handler_zi        c_w.l(__scatter_zi.o)
    0x000002c4   0x000002c4   0x00000002   Code   RO          197    .ARM.Collect$$libinit$$00000000  c_w.l(libinit.o)
    0x000002c6   0x000002c6   0x00000004   Code   RO          203    .ARM.Collect$$libinit$$00000001  c_w.l(libinit2.o)
    0x000002ca   0x000002ca   0x00000000   Code   RO          206    .ARM.Collect$$libinit$$00000004  c_w.l(libinit2.o)
    0x000002ca   0x000002ca   0x00000000   Code   RO          208    .ARM.Collect$$libinit$$00000006  c_w.l(libinit2.o)
    0x000002ca   0x000002ca   0x00000000   Code   RO          211    .ARM.Collect$$libinit$$0000000C  c_w.l(libinit2.o)
    0x000002ca   0x000002ca   0x00000000   Code   RO          213    .ARM.Collect$$libinit$$0000000E  c_w.l(libinit2.o)
    0x000002ca   0x000002ca   0x00000000   Code   RO          215    .ARM.Collect$$libinit$$00000010  c_w.l(libinit2.o)
    0x000002ca   0x000002ca   0x00000000   Code   RO          218    .ARM.Collect$$libinit$$00000013  c_w.l(libinit2.o)
    0x000002ca   0x000002ca   0x00000000   Code   RO          220    .ARM.Collect$$libinit$$00000015  c_w.l(libinit2.o)
    0x000002ca   0x000002ca   0x00000000   Code   RO          222    .ARM.Collect$$libinit$$00000017  c_w.l(libinit2.o)
    0x000002ca   0x000002ca   0x00000000   Code   RO          224    .ARM.Collect$$libinit$$00000019  c_w.l(libinit2.o)
    0x000002ca   0x000002ca   0x00000000   Code   RO          226    .ARM.Collect$$libinit$$0000001B  c_w.l(libinit2.o)
    0x000002ca   0x000002ca   0x00000000   Code   RO          228    .ARM.Collect$$libinit$$0000001D  c_w.l(libinit2.o)
    0x000002ca   0x000002ca   0x00000000   Code   RO          230    .ARM.Collect$$libinit$$0000001F  c_w.l(libinit2.o)
    0x000002ca   0x000002ca   0x00000000   Code   RO          232    .ARM.Collect$$libinit$$00000021  c_w.l(libinit2.o)
    0x000002ca   0x000002ca   0x00000000   Code   RO          234    .ARM.Collect$$libinit$$00000023  c_w.l(libinit2.o)
    0x000002ca   0x000002ca   0x00000000   Code   RO          236    .ARM.Collect$$libinit$$00000025  c_w.l(libinit2.o)
    0x000002ca   0x000002ca   0x00000000   Code   RO          238    .ARM.Collect$$libinit$$00000027  c_w.l(libinit2.o)
    0x000002ca   0x000002ca   0x00000000   Code   RO          242    .ARM.Collect$$libinit$$0000002E  c_w.l(libinit2.o)
    0x000002ca   0x000002ca   0x00000000   Code   RO          244    .ARM.Collect$$libinit$$00000030  c_w.l(libinit2.o)
    0x000002ca   0x000002ca   0x00000000   Code   RO          246    .ARM.Collect$$libinit$$00000032  c_w.l(libinit2.o)
    0x000002ca   0x000002ca   0x00000000   Code   RO          248    .ARM.Collect$$libinit$$00000034  c_w.l(libinit2.o)
    0x000002ca   0x000002ca   0x00000002   Code   RO          249    .ARM.Collect$$libinit$$00000035  c_w.l(libinit2.o)
    0x000002cc   0x000002cc   0x00000002   Code   RO          271    .ARM.Collect$$libshutdown$$00000000  c_w.l(libshutdown.o)
    0x000002ce   0x000002ce   0x00000000   Code   RO          286    .ARM.Collect$$libshutdown$$00000002  c_w.l(libshutdown2.o)
    0x000002ce   0x000002ce   0x00000000   Code   RO          288    .ARM.Collect$$libshutdown$$00000004  c_w.l(libshutdown2.o)
    0x000002ce   0x000002ce   0x00000000   Code   RO          291    .ARM.Collect$$libshutdown$$00000007  c_w.l(libshutdown2.o)
    0x000002ce   0x000002ce   0x00000000   Code   RO          294    .ARM.Collect$$libshutdown$$0000000A  c_w.l(libshutdown2.o)
    0x000002ce   0x000002ce   0x00000000   Code   RO          296    .ARM.Collect$$libshutdown$$0000000C  c_w.l(libshutdown2.o)
    0x000002ce   0x000002ce   0x00000000   Code   RO          299    .ARM.Collect$$libshutdown$$0000000F  c_w.l(libshutdown2.o)
    0x000002ce   0x000002ce   0x00000002   Code   RO          300    .ARM.Collect$$libshutdown$$00000010  c_w.l(libshutdown2.o)
    0x000002d0   0x000002d0   0x00000000   Code   RO          172    .ARM.Collect$$rtentry$$00000000  c_w.l(__rtentry.o)
    0x000002d0   0x000002d0   0x00000000   Code   RO          174    .ARM.Collect$$rtentry$$00000002  c_w.l(__rtentry2.o)
    0x000002d0   0x000002d0   0x00000006   Code   RO          186    .ARM.Collect$$rtentry$$00000004  c_w.l(__rtentry4.o)
    0x000002d6   0x000002d6   0x00000000   Code   RO          176    .ARM.Collect$$rtentry$$00000009  c_w.l(__rtentry2.o)
    0x000002d6   0x000002d6   0x00000004   Code   RO          177    .ARM.Collect$$rtentry$$0000000A  c_w.l(__rtentry2.o)
    0x000002da   0x000002da   0x00000000   Code   RO          179    .ARM.Collect$$rtentry$$0000000C  c_w.l(__rtentry2.o)
    0x000002da   0x000002da   0x00000008   Code   RO          180    .ARM.Collect$$rtentry$$0000000D  c_w.l(__rtentry2.o)
    0x000002e2   0x000002e2   0x00000002   Code   RO          201    .ARM.Collect$$rtexit$$00000000  c_w.l(rtexit.o)
    0x000002e4   0x000002e4   0x00000000   Code   RO          251    .ARM.Collect$$rtexit$$00000002  c_w.l(rtexit2.o)
    0x000002e4   0x000002e4   0x00000004   Code   RO          252    .ARM.Collect$$rtexit$$00000003  c_w.l(rtexit2.o)
    0x000002e8   0x000002e8   0x00000006   Code   RO          253    .ARM.Collect$$rtexit$$00000004  c_w.l(rtexit2.o)
    0x000002ee   0x000002ee   0x00000002   PAD
    0x000002f0   0x000002f0   0x00000114   Code   RO          138  * .text               startup_tm4c123.o
    0x00000404   0x00000404   0x00000006   Code   RO          160    .text               c_w.l(heapauxi.o)
    0x0000040a   0x0000040a   0x0000004a   Code   RO          188    .text               c_w.l(sys_stackheap_outer.o)
    0x00000454   0x00000454   0x00000012   Code   RO          190    .text               c_w.l(exit.o)
    0x00000466   0x00000466   0x00000002   PAD
    0x00000468   0x00000468   0x00000008   Code   RO          198    .text               c_w.l(libspace.o)
    0x00000470   0x00000470   0x0000000c   Code   RO          261    .text               c_w.l(sys_exit.o)
    0x0000047c   0x0000047c   0x00000002   Code   RO          276    .text               c_w.l(use_no_semi.o)
    0x0000047e   0x0000047e   0x00000000   Code   RO          278    .text               c_w.l(indicate_semi.o)
    0x0000047e   0x0000047e   0x00000002   PAD
    0x00000480   0x00000480   0x00000012   Code   RO           54    .text.GPIOF_CLK_EN  gpio_program.o
    0x00000492   0x00000492   0x00000002   PAD
    0x00000494   0x00000494   0x00000010   Code   RO           86    .text.GPIOF_Handler  gpio_program.o
    0x000004a4   0x000004a4   0x0000004a   Code   RO           74    .text.GPIO_ClearInterrupt  gpio_program.o
    0x000004ee   0x000004ee   0x00000002   PAD
    0x000004f0   0x000004f0   0x0000004a   Code   RO           82    .text.GPIO_Commit   gpio_program.o
    0x0000053a   0x0000053a   0x00000002   PAD
    0x0000053c   0x0000053c   0x00000074   Code   RO           64    .text.GPIO_Config_PUR  gpio_program.o
    0x000005b0   0x000005b0   0x0000004a   Code   RO           68    .text.GPIO_EnableInterrupt  gpio_program.o
    0x000005fa   0x000005fa   0x00000002   PAD
    0x000005fc   0x000005fc   0x00000074   Code   RO           72    .text.GPIO_InterruptEdges  gpio_program.o
    0x00000670   0x00000670   0x0000003a   Code   RO           80    .text.GPIO_Lock     gpio_program.o
    0x000006aa   0x000006aa   0x00000002   PAD
    0x000006ac   0x000006ac   0x00000074   Code   RO           70    .text.GPIO_SelectInterruptEvent  gpio_program.o
    0x00000720   0x00000720   0x00000072   Code   RO           66    .text.GPIO_SelectInterruptSense  gpio_program.o
    0x00000792   0x00000792   0x00000002   PAD
    0x00000794   0x00000794   0x00000024   Code   RO           84    .text.GPIO_SetCallBack  gpio_program.o
    0x000007b8   0x000007b8   0x00000074   Code   RO           56    .text.GPIO_SetPinDigitalEnable  gpio_program.o
    0x0000082c   0x0000082c   0x00000074   Code   RO           58    .text.GPIO_SetPinDirection  gpio_program.o
    0x000008a0   0x000008a0   0x00000074   Code   RO           60    .text.GPIO_SetPinValue  gpio_program.o
    0x00000914   0x00000914   0x00000040   Code   RO           78    .text.GPIO_Unlock   gpio_program.o
    0x00000954   0x00000954   0x00000054   Code   RO           76    .text.GPIO_u8GetInterruptStatus  gpio_program.o
    0x000009a8   0x000009a8   0x00000026   Code   RO           11    .text.LED_Init      led_program.o
    0x000009ce   0x000009ce   0x00000002   PAD
    0x000009d0   0x000009d0   0x0000000e   Code   RO           15    .text.LED_TurnOFF   led_program.o
    0x000009de   0x000009de   0x00000002   PAD
    0x000009e0   0x000009e0   0x0000000e   Code   RO           13    .text.LED_TurnON    led_program.o
    0x000009ee   0x000009ee   0x00000002   PAD
    0x000009f0   0x000009f0   0x00000068   Code   RO          119    .text.NVIC_vidSetInterrupt  nvic_program.o
    0x00000a58   0x00000a58   0x0000007c   Code   RO           98    .text.SW1_Init      button_program.o
    0x00000ad4   0x00000ad4   0x00000070   Code   RO          102    .text.SW2_Init      button_program.o
    0x00000b44   0x00000b44   0x0000008e   Code   RO          111    .text.SYSCTRL_GPIO_CLK_EN  sys_program.o
    0x00000bd2   0x00000bd2   0x00000002   PAD
    0x00000bd4   0x00000bd4   0x00000012   Code   RO           30    .text.SYSTICK_CLK_EN  systick_program.o
    0x00000be6   0x00000be6   0x00000002   PAD
    0x00000be8   0x00000be8   0x0000000c   Code   RO           40    .text.SYSTICK_GetCurrentValue  systick_program.o
    0x00000bf4   0x00000bf4   0x00000012   Code   RO           26    .text.SYSTICK_INT_DIS  systick_program.o
    0x00000c06   0x00000c06   0x00000002   PAD
    0x00000c08   0x00000c08   0x0000001c   Code   RO           28    .text.SYSTICK_Init  systick_program.o
    0x00000c24   0x00000c24   0x00000014   Code   RO           32    .text.SYSTICK_Reload  systick_program.o
    0x00000c38   0x00000c38   0x00000012   Code   RO           34    .text.SYSTICK_Start  systick_program.o
    0x00000c4a   0x00000c4a   0x00000002   PAD
    0x00000c4c   0x00000c4c   0x00000010   Code   RO           44    .text.SysTick_Handler  systick_program.o
    0x00000c5c   0x00000c5c   0x0000010c   Code   RO          149    .text.SystemInit    system_tm4c123.o
    0x00000d68   0x00000d68   0x00000062   Code   RO            2    .text.main          main.o
    0x00000dca   0x00000dca   0x00000002   PAD
    0x00000dcc   0x00000dcc   0x00000036   Code   RO          100    .text.vidProcessButtons  button_program.o
    0x00000e02   0x00000e02   0x0000001a   Code   RO          259    x$fpl$fpinit        fz_wm.l(fpinit.o)
    0x00000e1c   0x00000e1c   0x00000010   Data   RO          334    Region$$Table       anon$$obj.o


    Execution Region ER_RW (Exec base: 0x20000000, Load base: 0x00000e2c, Size: 0x00000000, Max: 0xffffffff, ABSOLUTE)

    **** No section assigned to this execution region ****


    Execution Region ER_ZI (Exec base: 0x20000000, Load base: 0x00000e2c, Size: 0x00000268, Max: 0xffffffff, ABSOLUTE)

    Exec Addr    Load Addr    Size         Type   Attr      Idx    E Section Name        Object

    0x20000000        -       0x00000060   Zero   RW          199    .bss                c_w.l(libspace.o)
    0x20000060        -       0x00000004   Zero   RW           46    .bss.CallBack       systick_program.o
    0x20000064        -       0x00000004   Zero   RW           88    .bss.GPIOF_CallBack  gpio_program.o
    0x20000068        -       0x00000000   Zero   RW          136    HEAP                startup_tm4c123.o
    0x20000068        -       0x00000200   Zero   RW          135    STACK               startup_tm4c123.o


==============================================================================

Image component sizes


      Code (inc. data)   RO Data    RW Data    ZI Data      Debug   Object Name

       290          0          0          0          0       1042   button_program.o
      1308         78          0          0          4       3413   gpio_program.o
        66          0          0          0          0        671   led_program.o
        98          0          0          0          0        576   main.o
       104          0          0          0          0       1794   nvic_program.o
       276         24        620          0        512       5460   startup_tm4c123.o
       142          6          0          0          0        631   sys_program.o
       268          0          0          0          0       6732   system_tm4c123.o
       130          0          0          0          4       1711   systick_program.o

    ----------------------------------------------------------------------
      2710        108        636          0        520      22030   Object Totals
         0          0         16          0          0          0   (incl. Generated)
        28          0          0          0          0          0   (incl. Padding)

    ----------------------------------------------------------------------

      Code (inc. data)   RO Data    RW Data    ZI Data      Debug   Library Member Name

         8          0          0          0          0         68   __main.o
         0          0          0          0          0          0   __rtentry.o
        12          0          0          0          0          0   __rtentry2.o
         6          0          0          0          0          0   __rtentry4.o
        52          8          0          0          0          0   __scatter.o
        28          0          0          0          0          0   __scatter_zi.o
        18          0          0          0          0         80   exit.o
         6          0          0          0          0        152   heapauxi.o
         0          0          0          0          0          0   indicate_semi.o
         2          0          0          0          0          0   libinit.o
         6          0          0          0          0          0   libinit2.o
         2          0          0          0          0          0   libshutdown.o
         2          0          0          0          0          0   libshutdown2.o
         8          4          0          0         96         68   libspace.o
         2          0          0          0          0          0   rtexit.o
        10          0          0          0          0          0   rtexit2.o
        12          4          0          0          0         68   sys_exit.o
        74          0          0          0          0         80   sys_stackheap_outer.o
         2          0          0          0          0         68   use_no_semi.o
        26          0          0          0          0        116   fpinit.o

    ----------------------------------------------------------------------
       282         16          0          0         96        700   Library Totals
         6          0          0          0          0          0   (incl. Padding)

    ----------------------------------------------------------------------

      Code (inc. data)   RO Data    RW Data    ZI Data      Debug   Library Name

       250         16          0          0         96        584   c_w.l
        26          0          0          0          0        116   fz_wm.l

    ----------------------------------------------------------------------
       282         16          0          0         96        700   Library Totals

    ----------------------------------------------------------------------

==============================================================================


      Code (inc. data)   RO Data    RW Data    ZI Data      Debug   

      2992        124        636          0        616      22366   Grand Totals
      2992        124        636          0        616      22366   ELF Image Totals
      2992        124        636          0          0          0   ROM Totals

==============================================================================

    Total RO  Size (Code + RO Data)                 3628 (   3.54kB)
    Total RW  Size (RW Data + ZI Data)               616 (   0.60kB)
    Total ROM Size (Code + RO Data + RW Data)       3628 (   3.54kB)

==============================================================================

